Archive member included to satisfy reference by file (symbol)

../drivers\libIotLibrary.a(display_7seg.o)
                              main.o (display_7seg_powerUp)
../drivers\libIotLibrary.a(hih8120.o)
                              sensors/temp_hum_sensor.o (hih8120_initialise)
../drivers\libIotLibrary.a(lora_driver.o)
                              LoRaWANHandler.o (lora_driver_flushBuffers)
../drivers\libIotLibrary.a(lora_driver_utils.o)
                              ../drivers\libIotLibrary.a(lora_driver.o) (decode_port_no)
../drivers\libIotLibrary.a(mh_z19.o)
                              sensors/co2_sensor.o (mh_z19_initialise)
../drivers\libIotLibrary.a(serial.o)
                              ../drivers\libIotLibrary.a(lora_driver.o) (serial_create)
../drivers\libIotLibrary.a(stdio_driver.o)
                              main.o (stdio_initialise)
../drivers\libIotLibrary.a(spi_iha.o)
                              ../drivers\libIotLibrary.a(display_7seg.o) (spi_create)
../drivers\libIotLibrary.a(status_leds.o)
                              main.o (status_leds_initialise)
../drivers\libIotLibrary.a(twi.o)
                              ../drivers\libIotLibrary.a(hih8120.o) (twiCreate)
../drivers\libIotLibrary.a(fifo.o)
                              ../drivers\libIotLibrary.a(serial.o) (fifo_init)
e:/program files (x86)/atmel/studio/7.0/toolchain/avr8/avr8-gnu-toolchain/bin/../lib/gcc/avr/5.4.0/../../../../avr/lib/avr6\libm.a(addsf3.o)
                              ../drivers\libIotLibrary.a(hih8120.o) (__subsf3)
e:/program files (x86)/atmel/studio/7.0/toolchain/avr8/avr8-gnu-toolchain/bin/../lib/gcc/avr/5.4.0/../../../../avr/lib/avr6\libm.a(addsf3x.o)
                              e:/program files (x86)/atmel/studio/7.0/toolchain/avr8/avr8-gnu-toolchain/bin/../lib/gcc/avr/5.4.0/../../../../avr/lib/avr6\libm.a(addsf3.o) (__addsf3x)
e:/program files (x86)/atmel/studio/7.0/toolchain/avr8/avr8-gnu-toolchain/bin/../lib/gcc/avr/5.4.0/../../../../avr/lib/avr6\libm.a(divsf3.o)
                              ../drivers\libIotLibrary.a(hih8120.o) (__divsf3)
e:/program files (x86)/atmel/studio/7.0/toolchain/avr8/avr8-gnu-toolchain/bin/../lib/gcc/avr/5.4.0/../../../../avr/lib/avr6\libm.a(divsf3x.o)
                              e:/program files (x86)/atmel/studio/7.0/toolchain/avr8/avr8-gnu-toolchain/bin/../lib/gcc/avr/5.4.0/../../../../avr/lib/avr6\libm.a(divsf3.o) (__divsf3x)
e:/program files (x86)/atmel/studio/7.0/toolchain/avr8/avr8-gnu-toolchain/bin/../lib/gcc/avr/5.4.0/../../../../avr/lib/avr6\libm.a(fixsfsi.o)
                              ../drivers\libIotLibrary.a(display_7seg.o) (__fixsfsi)
e:/program files (x86)/atmel/studio/7.0/toolchain/avr8/avr8-gnu-toolchain/bin/../lib/gcc/avr/5.4.0/../../../../avr/lib/avr6\libm.a(fixunssfsi.o)
                              ../drivers\libIotLibrary.a(hih8120.o) (__fixunssfsi)
e:/program files (x86)/atmel/studio/7.0/toolchain/avr8/avr8-gnu-toolchain/bin/../lib/gcc/avr/5.4.0/../../../../avr/lib/avr6\libm.a(floatsisf.o)
                              ../drivers\libIotLibrary.a(display_7seg.o) (__floatunsisf)
e:/program files (x86)/atmel/studio/7.0/toolchain/avr8/avr8-gnu-toolchain/bin/../lib/gcc/avr/5.4.0/../../../../avr/lib/avr6\libm.a(floor.o)
                              ../drivers\libIotLibrary.a(display_7seg.o) (floor)
e:/program files (x86)/atmel/studio/7.0/toolchain/avr8/avr8-gnu-toolchain/bin/../lib/gcc/avr/5.4.0/../../../../avr/lib/avr6\libm.a(fp_inf.o)
                              e:/program files (x86)/atmel/studio/7.0/toolchain/avr8/avr8-gnu-toolchain/bin/../lib/gcc/avr/5.4.0/../../../../avr/lib/avr6\libm.a(addsf3x.o) (__fp_inf)
e:/program files (x86)/atmel/studio/7.0/toolchain/avr8/avr8-gnu-toolchain/bin/../lib/gcc/avr/5.4.0/../../../../avr/lib/avr6\libm.a(fp_mintl.o)
                              e:/program files (x86)/atmel/studio/7.0/toolchain/avr8/avr8-gnu-toolchain/bin/../lib/gcc/avr/5.4.0/../../../../avr/lib/avr6\libm.a(floor.o) (__fp_mintl)
e:/program files (x86)/atmel/studio/7.0/toolchain/avr8/avr8-gnu-toolchain/bin/../lib/gcc/avr/5.4.0/../../../../avr/lib/avr6\libm.a(fp_mpack.o)
                              e:/program files (x86)/atmel/studio/7.0/toolchain/avr8/avr8-gnu-toolchain/bin/../lib/gcc/avr/5.4.0/../../../../avr/lib/avr6\libm.a(floor.o) (__fp_mpack)
e:/program files (x86)/atmel/studio/7.0/toolchain/avr8/avr8-gnu-toolchain/bin/../lib/gcc/avr/5.4.0/../../../../avr/lib/avr6\libm.a(fp_nan.o)
                              e:/program files (x86)/atmel/studio/7.0/toolchain/avr8/avr8-gnu-toolchain/bin/../lib/gcc/avr/5.4.0/../../../../avr/lib/avr6\libm.a(addsf3x.o) (__fp_nan)
e:/program files (x86)/atmel/studio/7.0/toolchain/avr8/avr8-gnu-toolchain/bin/../lib/gcc/avr/5.4.0/../../../../avr/lib/avr6\libm.a(fp_pscA.o)
                              e:/program files (x86)/atmel/studio/7.0/toolchain/avr8/avr8-gnu-toolchain/bin/../lib/gcc/avr/5.4.0/../../../../avr/lib/avr6\libm.a(addsf3x.o) (__fp_pscA)
[...]
Memory Configuration

Name             Origin             Length             Attributes
text             0x00000000         0x00040000         xr
data             0x00800200         0x00002000         rw !x
eeprom           0x00810000         0x00001000         rw !x
fuse             0x00820000         0x00000003         rw !x
lock             0x00830000         0x00000400         rw !x
signature        0x00840000         0x00000400         rw !x
user_signatures  0x00850000         0x00000400         rw !x
*default*        0x00000000         0xffffffff

Linker script and memory map

Address of section .data set to 0x800200
LOAD E:/Program Files (x86)/Atmel/Studio/7.0/Packs/atmel/ATmega_DFP/1.6.364/gcc/dev/atmega2560/avr6/crtatmega2560.o
LOAD application.o
LOAD sensors/co2_sensor.o
LOAD sensors/temp_hum_sensor.o
LOAD FreeRTOS/FreeRTOSTraceDriver/FreeRTOSTraceDriver.o
LOAD FreeRTOS/src/croutine.o
LOAD FreeRTOS/src/event_groups.o
LOAD FreeRTOS/src/heap_4.o
LOAD FreeRTOS/src/list.o
LOAD FreeRTOS/src/port.o
LOAD FreeRTOS/src/queue.o
LOAD FreeRTOS/src/stream_buffer.o
LOAD FreeRTOS/src/tasks.o
LOAD FreeRTOS/src/timers.o
LOAD FreeRTOS/src/variantHooks.o
LOAD LoRaWANHandler.o
LOAD main.o
START GROUP
LOAD e:/program files (x86)/atmel/studio/7.0/toolchain/avr8/avr8-gnu-toolchain/bin/../lib/gcc/avr/5.4.0/../../../../avr/lib/avr6\libm.a
LOAD ../drivers\libIotLibrary.a
END GROUP
START GROUP
LOAD e:/program files (x86)/atmel/studio/7.0/toolchain/avr8/avr8-gnu-toolchain/bin/../lib/gcc/avr/5.4.0/avr6\libgcc.a
LOAD e:/program files (x86)/atmel/studio/7.0/toolchain/avr8/avr8-gnu-toolchain/bin/../lib/gcc/avr/5.4.0/../../../../avr/lib/avr6\libm.a
LOAD e:/program files (x86)/atmel/studio/7.0/toolchain/avr8/avr8-gnu-toolchain/bin/../lib/gcc/avr/5.4.0/../../../../avr/lib/avr6\libc.a
LOAD E:/Program Files (x86)/Atmel/Studio/7.0/Packs/atmel/ATmega_DFP/1.6.364/gcc/dev/atmega2560/avr6\libatmega2560.a
END GROUP
                0x00000000                __TEXT_REGION_ORIGIN__ = DEFINED (__TEXT_REGION_ORIGIN__)?__TEXT_REGION_ORIGIN__:0x0
                [0x00800200]                __DATA_REGION_ORIGIN__ = DEFINED (__DATA_REGION_ORIGIN__)?__DATA_REGION_ORIGIN__:0x800200
                [0x00040000]                __TEXT_REGION_LENGTH__ = DEFINED (__TEXT_REGION_LENGTH__)?__TEXT_REGION_LENGTH__:0x100000
                [0x00002000]                __DATA_REGION_LENGTH__ = DEFINED (__DATA_REGION_LENGTH__)?__DATA_REGION_LENGTH__:0xfe00
                [0x00001000]                __EEPROM_REGION_LENGTH__ = DEFINED (__EEPROM_REGION_LENGTH__)?__EEPROM_REGION_LENGTH__:0x10000
                [0x00000003]                __FUSE_REGION_LENGTH__ = DEFINED (__FUSE_REGION_LENGTH__)?__FUSE_REGION_LENGTH__:0x400
                0x00000400                __LOCK_REGION_LENGTH__ = DEFINED (__LOCK_REGION_LENGTH__)?__LOCK_REGION_LENGTH__:0x400
                0x00000400                __SIGNATURE_REGION_LENGTH__ = DEFINED (__SIGNATURE_REGION_LENGTH__)?__SIGNATURE_REGION_LENGTH__:0x400
                0x00000400                __USER_SIGNATURE_REGION_LENGTH__ = DEFINED (__USER_SIGNATURE_REGION_LENGTH__)?__USER_SIGNATURE_REGION_LENGTH__:0x400

.hash
 *(.hash)

.dynsym
 *(.dynsym)

.dynstr
 *(.dynstr)

.gnu.version
 *(.gnu.version)

.gnu.version_d
 *(.gnu.version_d)

.gnu.version_r
 *(.gnu.version_r)

.rel.init
 *(.rel.init)

.rela.init
 *(.rela.init)

.rel.text
 *(.rel.text)
 *(.rel.text.*)
 *(.rel.gnu.linkonce.t*)

.rela.text
 *(.rela.text)
 *(.rela.text.*)
 *(.rela.gnu.linkonce.t*)

.rel.fini
 *(.rel.fini)

.rela.fini
 *(.rela.fini)

.rel.rodata
 *(.rel.rodata)
 *(.rel.rodata.*)
 *(.rel.gnu.linkonce.r*)

.rela.rodata
 *(.rela.rodata)
 *(.rela.rodata.*)
 *(.rela.gnu.linkonce.r*)

.rel.data
 *(.rel.data)
 *(.rel.data.*)
 *(.rel.gnu.linkonce.d*)

.rela.data
 *(.rela.data)
 *(.rela.data.*)
 *(.rela.gnu.linkonce.d*)

.rel.ctors
 *(.rel.ctors)

.rela.ctors
 *(.rela.ctors)

.rel.dtors
 *(.rel.dtors)

.rela.dtors
 *(.rela.dtors)

.rel.got
 *(.rel.got)

.rela.got
 *(.rela.got)

.rel.bss
 *(.rel.bss)

.rela.bss
 *(.rela.bss)

.rel.plt
 *(.rel.plt)

.rela.plt
 *(.rela.plt)

.text           0x00000000     0x653a
 *(.vectors)
 .vectors       0x00000000       0xe4 E:/Program Files (x86)/Atmel/Studio/7.0/Packs/atmel/ATmega_DFP/1.6.364/gcc/dev/atmega2560/avr6/crtatmega2560.o
                0x00000000                __vector_default
                0x00000000                __vectors
 *(.vectors)
 *(.progmem.gcc*)
 .progmem.gcc_sw_table.prvProcessReceivedCommands
                0x000000e4       0x14 FreeRTOS/src/timers.o
 .progmem.gcc_sw_table.__vector_39
                0x000000f8       0xa2 ../drivers\libIotLibrary.a(twi.o)
                0x0000019a                . = ALIGN (0x2)
                0x0000019a                __trampolines_start = .
 *(.trampolines)
 .trampolines   0x0000019a        0x0 linker stubs
 *(.trampolines*)
                0x0000019a                __trampolines_end = .
 *libprintf_flt.a:*(.progmem.data)
 *libc.a:*(.progmem.data)
 *(.progmem*)
                0x0000019a                . = ALIGN (0x2)
 *(.jumptables)
 *(.jumptables*)
 *(.lowtext)
 .lowtext       0x0000019a       0x14 FreeRTOS/src/tasks.o
 .lowtext       0x000001ae       0x1e FreeRTOS/src/timers.o
 *(.lowtext*)
                0x000001cc                __ctors_start = .
 *(.ctors)
                0x000001cc                __ctors_end = .
                0x000001cc                __dtors_start = .
 *(.dtors)
                0x000001cc                __dtors_end = .
 SORT(*)(.ctors)
 SORT(*)(.dtors)
 *(.init0)
 .init0         0x000001cc        0x0 E:/Program Files (x86)/Atmel/Studio/7.0/Packs/atmel/ATmega_DFP/1.6.364/gcc/dev/atmega2560/avr6/crtatmega2560.o
                0x000001cc                __init
 *(.init0)
 *(.init1)
 *(.init1)
 *(.init2)
 .init2         0x000001cc       0x10 E:/Program Files (x86)/Atmel/Studio/7.0/Packs/atmel/ATmega_DFP/1.6.364/gcc/dev/atmega2560/avr6/crtatmega2560.o
 *(.init2)
 *(.init3)
 *(.init3)
 *(.init4)
 .init4         0x000001dc       0x1a e:/program files (x86)/atmel/studio/7.0/toolchain/avr8/avr8-gnu-toolchain/bin/../lib/gcc/avr/5.4.0/avr6\libgcc.a(_copy_data.o)
                0x000001dc                __do_copy_data
 .init4         0x000001f6       0x10 e:/program files (x86)/atmel/studio/7.0/toolchain/avr8/avr8-gnu-toolchain/bin/../lib/gcc/avr/5.4.0/avr6\libgcc.a(_clear_bss.o)
                0x000001f6                __do_clear_bss
 *(.init4)
 *(.init5)
 *(.init5)
 *(.init6)
 *(.init6)
 *(.init7)
 *(.init7)
 *(.init8)
 *(.init8)
 *(.init9)
 .init9         0x00000206        0x8 E:/Program Files (x86)/Atmel/Studio/7.0/Packs/atmel/ATmega_DFP/1.6.364/gcc/dev/atmega2560/avr6/crtatmega2560.o
 *(.init9)
 *(.text)
 .text          0x0000020e        0x2 E:/Program Files (x86)/Atmel/Studio/7.0/Packs/atmel/ATmega_DFP/1.6.364/gcc/dev/atmega2560/avr6/crtatmega2560.o
                0x0000020e                __vector_38
                0x0000020e                __vector_22
                0x0000020e                __vector_28
                0x0000020e                __vector_1
                0x0000020e                __vector_32
                0x0000020e                __vector_34
                0x0000020e                __vector_46
                0x0000020e                __bad_interrupt
                0x0000020e                __vector_6
                0x0000020e                __vector_31
                0x0000020e                __vector_35
                0x0000020e                __vector_3
                0x0000020e                __vector_23
                0x0000020e                __vector_30
                0x0000020e                __vector_45
                0x0000020e                __vector_11
                0x0000020e                __vector_13
                0x0000020e                __vector_17
                0x0000020e                __vector_19
                0x0000020e                __vector_56
                0x0000020e                __vector_7
                0x0000020e                __vector_49
                0x0000020e                __vector_41
                0x0000020e                __vector_43
                0x0000020e                __vector_27
                0x0000020e                __vector_5
                0x0000020e                __vector_33
                0x0000020e                __vector_47
                0x0000020e                __vector_4
                0x0000020e                __vector_44
                0x0000020e                __vector_9
                0x0000020e                __vector_2
                0x0000020e                __vector_15
                0x0000020e                __vector_29
                0x0000020e                __vector_40
                0x0000020e                __vector_8
                0x0000020e                __vector_48
                0x0000020e                __vector_14
                0x0000020e                __vector_53
                0x0000020e                __vector_10
                0x0000020e                __vector_50
                0x0000020e                __vector_16
                0x0000020e                __vector_18
                0x0000020e                __vector_20
                0x0000020e                __vector_42
                0x00000210                . = ALIGN (0x2)
 *(.text.*)
 .text.start_measuring
                0x00000210       0x14 application.o
 .text.wait_for_temp_hum_measurment
                0x00000224       0x34 application.o
 .text.wait_for_co2_measurment
                0x00000258       0x34 application.o
 .text.application_initialize
                0x0000028c       0x38 application.o
                0x0000028c                application_initialize
 .text.application_task_run
                0x000002c4       0x50 application.o
                0x000002c4                application_task_run
 .text.application_task_handler
                0x00000314       0x28 application.o
                0x00000314                application_task_handler
 .text.co2_sensor_taskHandler
                0x0000033c        0x2 sensors/co2_sensor.o
                0x0000033c                co2_sensor_taskHandler
 .text._co2_sensor_callback
                0x0000033e        0x2 sensors/co2_sensor.o
                0x0000033e                _co2_sensor_callback
 .text.co2_sensor_initialize
                0x00000340       0x36 sensors/co2_sensor.o
                0x00000340                co2_sensor_initialize
 .text.temp_hum_sensor_initialize
                0x00000376       0x38 sensors/temp_hum_sensor.o
                0x00000376                temp_hum_sensor_initialize
 .text.temp_hum_sensor_task_run
                0x000003ae       0x26 sensors/temp_hum_sensor.o
                0x000003ae                temp_hum_sensor_task_run
 .text.temp_hum_sensor_task_handler
                0x000003d4        0x4 sensors/temp_hum_sensor.o
                0x000003d4                temp_hum_sensor_task_handler
 .text.temp_hum_getTemperature
                0x000003d8       0x14 sensors/temp_hum_sensor.o
                0x000003d8                temp_hum_getTemperature
 .text.temp_hum_getHumidity
                0x000003ec       0x14 sensors/temp_hum_sensor.o
                0x000003ec                temp_hum_getHumidity
 .text.prvTestWaitCondition
                0x00000400       0x42 FreeRTOS/src/event_groups.o
 .text.xEventGroupCreate
                0x00000442       0x26 FreeRTOS/src/event_groups.o
                0x00000442                xEventGroupCreate
 .text.xEventGroupWaitBits
                0x00000468      0x140 FreeRTOS/src/event_groups.o
                0x00000468                xEventGroupWaitBits
 .text.xEventGroupSetBits
                0x000005a8      0x11c FreeRTOS/src/event_groups.o
                0x000005a8                xEventGroupSetBits
 .text.prvHeapInit
                0x000006c4       0x52 FreeRTOS/src/heap_4.o
 .text.prvInsertBlockIntoFreeList
                0x00000716       0x94 FreeRTOS/src/heap_4.o
 .text.pvPortMalloc
                0x000007aa      0x152 FreeRTOS/src/heap_4.o
                0x000007aa                pvPortMalloc
 .text.vPortFree
                0x000008fc       0x7a FreeRTOS/src/heap_4.o
                0x000008fc                vPortFree
 .text.vListInitialise
                0x00000976       0x22 FreeRTOS/src/list.o
                0x00000976                vListInitialise
 .text.vListInitialiseItem
                0x00000998        0x8 FreeRTOS/src/list.o
                0x00000998                vListInitialiseItem
 .text.vListInsert
                0x000009a0       0x7a FreeRTOS/src/list.o
                0x000009a0                vListInsert
 .text.uxListRemove
                0x00000a1a       0x4e FreeRTOS/src/list.o
                0x00000a1a                uxListRemove
 .text.prvSetupTimerInterrupt
                0x00000a68       0x18 FreeRTOS/src/port.o
 .text.pxPortInitialiseStack
                0x00000a80       0x2e FreeRTOS/src/port.o
                0x00000a80                pxPortInitialiseStack
 .text.xPortStartScheduler
                0x00000aae       0x64 FreeRTOS/src/port.o
                0x00000aae                xPortStartScheduler
 .text.vPortYield
                0x00000b12       0xc2 FreeRTOS/src/port.o
                0x00000b12                vPortYield
 .text.vPortYieldFromTick
                0x00000bd4       0xca FreeRTOS/src/port.o
                0x00000bd4                vPortYieldFromTick
 .text.__vector_12
                0x00000c9e        0x4 FreeRTOS/src/port.o
                0x00000c9e                __vector_12
 .text.prvIsQueueEmpty
                0x00000ca2       0x1a FreeRTOS/src/queue.o
 .text.prvIsQueueFull
                0x00000cbc       0x1c FreeRTOS/src/queue.o
 .text.prvCopyDataToQueue
                0x00000cd8       0xbe FreeRTOS/src/queue.o
 .text.prvCopyDataFromQueue
                0x00000d96       0x34 FreeRTOS/src/queue.o
 .text.prvUnlockQueue
                0x00000dca       0x68 FreeRTOS/src/queue.o
 .text.xQueueGenericReset
                0x00000e32       0x86 FreeRTOS/src/queue.o
                0x00000e32                xQueueGenericReset
 .text.prvInitialiseNewQueue
                0x00000eb8       0x24 FreeRTOS/src/queue.o
 .text.xQueueGenericCreate
                0x00000edc       0x46 FreeRTOS/src/queue.o
                0x00000edc                xQueueGenericCreate
 .text.xQueueGenericSend
                0x00000f22      0x122 FreeRTOS/src/queue.o
                0x00000f22                xQueueGenericSend
 .text.xQueueGenericSendFromISR
                0x00001044       0x76 FreeRTOS/src/queue.o
                0x00001044                xQueueGenericSendFromISR
 .text.xQueueReceive
                0x000010ba      0x11e FreeRTOS/src/queue.o
                0x000010ba                xQueueReceive
 .text.vQueueWaitForMessageRestricted
                0x000011d8       0x38 FreeRTOS/src/queue.o
                0x000011d8                vQueueWaitForMessageRestricted
 .text.prvBytesInBuffer
                0x00001210       0x26 FreeRTOS/src/stream_buffer.o
 .text.prvInitialiseNewStreamBuffer
                0x00001236       0x20 FreeRTOS/src/stream_buffer.o
 .text.prvWriteBytesToBuffer
                0x00001256       0x92 FreeRTOS/src/stream_buffer.o
 .text.prvWriteMessageToBuffer
                0x000012e8       0x86 FreeRTOS/src/stream_buffer.o
 .text.prvReadBytesFromBuffer
                0x0000136e       0x9e FreeRTOS/src/stream_buffer.o
 .text.prvReadMessageFromBuffer
                0x0000140c       0x8a FreeRTOS/src/stream_buffer.o
 .text.xStreamBufferGenericCreate
                0x00001496       0x64 FreeRTOS/src/stream_buffer.o
                0x00001496                xStreamBufferGenericCreate
 .text.xStreamBufferReset
                0x000014fa       0x3c FreeRTOS/src/stream_buffer.o
                0x000014fa                xStreamBufferReset
 .text.xStreamBufferSpacesAvailable
                0x00001536       0x24 FreeRTOS/src/stream_buffer.o
                0x00001536                xStreamBufferSpacesAvailable
 .text.xStreamBufferSend
                0x0000155a      0x18a FreeRTOS/src/stream_buffer.o
                0x0000155a                xStreamBufferSend
 .text.xStreamBufferSendFromISR
                0x000016e4       0x88 FreeRTOS/src/stream_buffer.o
                0x000016e4                xStreamBufferSendFromISR
 .text.xStreamBufferReceive
                0x0000176c      0x106 FreeRTOS/src/stream_buffer.o
                0x0000176c                xStreamBufferReceive
 .text.prvResetNextTaskUnblockTime
                0x00001872       0x4e FreeRTOS/src/tasks.o
 .text.prvDeleteTCB
                0x000018c0       0x16 FreeRTOS/src/tasks.o
 .text.prvInitialiseNewTask
                0x000018d6       0xf6 FreeRTOS/src/tasks.o
 .text.prvInitialiseTaskLists
                0x000019cc       0x60 FreeRTOS/src/tasks.o
 .text.prvAddNewTaskToReadyList
                0x00001a2c       0xdc FreeRTOS/src/tasks.o
 .text.prvCheckTasksWaitingTermination
                0x00001b08       0x4a FreeRTOS/src/tasks.o
 .text.prvAddCurrentTaskToDelayedList
                0x00001b52      0x144 FreeRTOS/src/tasks.o
 .text.xTaskCreate
                0x00001c96       0x98 FreeRTOS/src/tasks.o
                0x00001c96                xTaskCreate
 .text.vTaskStartScheduler
                0x00001d2e       0x70 FreeRTOS/src/tasks.o
                0x00001d2e                vTaskStartScheduler
 .text.vTaskSuspendAll
                0x00001d9e        0xc FreeRTOS/src/tasks.o
                0x00001d9e                vTaskSuspendAll
 .text.xTaskGetTickCount
                0x00001daa       0x1c FreeRTOS/src/tasks.o
                0x00001daa                xTaskGetTickCount
 .text.xTaskIncrementTick
                0x00001dc6      0x258 FreeRTOS/src/tasks.o
                0x00001dc6                xTaskIncrementTick
 .text.xTaskResumeAll
                0x0000201e      0x1b8 FreeRTOS/src/tasks.o
                0x0000201e                xTaskResumeAll
 .text.xTaskDelayUntil
                0x000021d6       0xca FreeRTOS/src/tasks.o
                0x000021d6                xTaskDelayUntil
 .text.vTaskDelay
                0x000022a0       0x36 FreeRTOS/src/tasks.o
                0x000022a0                vTaskDelay
 .text.vTaskSwitchContext
                0x000022d6       0xca FreeRTOS/src/tasks.o
                0x000022d6                vTaskSwitchContext
 .text.vTaskPlaceOnEventList
                0x000023a0       0x2e FreeRTOS/src/tasks.o
                0x000023a0                vTaskPlaceOnEventList
 .text.vTaskPlaceOnUnorderedEventList
                0x000023ce       0x94 FreeRTOS/src/tasks.o
                0x000023ce                vTaskPlaceOnUnorderedEventList
 .text.vTaskPlaceOnEventListRestricted
                0x00002462       0x84 FreeRTOS/src/tasks.o
                0x00002462                vTaskPlaceOnEventListRestricted
 .text.xTaskRemoveFromEventList
                0x000024e6      0x15e FreeRTOS/src/tasks.o
                0x000024e6                xTaskRemoveFromEventList
 .text.vTaskRemoveFromUnorderedEventList
                0x00002644      0x134 FreeRTOS/src/tasks.o
                0x00002644                vTaskRemoveFromUnorderedEventList
 .text.vTaskSetTimeOutState
                0x00002778       0x2c FreeRTOS/src/tasks.o
                0x00002778                vTaskSetTimeOutState
 .text.vTaskInternalSetTimeOutState
                0x000027a4       0x22 FreeRTOS/src/tasks.o
                0x000027a4                vTaskInternalSetTimeOutState
 .text.xTaskCheckForTimeOut
                0x000027c6       0xcc FreeRTOS/src/tasks.o
                0x000027c6                xTaskCheckForTimeOut
 .text.vTaskMissedYield
                0x00002892        0x8 FreeRTOS/src/tasks.o
                0x00002892                vTaskMissedYield
 .text.xTaskGetCurrentTaskHandle
                0x0000289a        0xa FreeRTOS/src/tasks.o
                0x0000289a                xTaskGetCurrentTaskHandle
 .text.xTaskGetSchedulerState
                0x000028a4       0x1c FreeRTOS/src/tasks.o
                0x000028a4                xTaskGetSchedulerState
 .text.xTaskPriorityDisinherit
                0x000028c0       0xb6 FreeRTOS/src/tasks.o
                0x000028c0                xTaskPriorityDisinherit
 .text.uxTaskResetEventItemValue
                0x00002976       0x54 FreeRTOS/src/tasks.o
                0x00002976                uxTaskResetEventItemValue
 .text.xTaskGenericNotifyWait
                0x000029ca      0x14e FreeRTOS/src/tasks.o
                0x000029ca                xTaskGenericNotifyWait
 .text.xTaskGenericNotify
                0x00002b18      0x1ee FreeRTOS/src/tasks.o
                0x00002b18                xTaskGenericNotify
 .text.xTaskGenericNotifyFromISR
                0x00002d06      0x244 FreeRTOS/src/tasks.o
                0x00002d06                xTaskGenericNotifyFromISR
 .text.xTaskGenericNotifyStateClear
                0x00002f4a       0x34 FreeRTOS/src/tasks.o
                0x00002f4a                xTaskGenericNotifyStateClear
 .text.prvGetNextExpireTime
                0x00002f7e       0x30 FreeRTOS/src/timers.o
 .text.prvInsertTimerInActiveList
                0x00002fae       0x92 FreeRTOS/src/timers.o
 .text.prvCheckForValidListAndQueue
                0x00003040       0x52 FreeRTOS/src/timers.o
 .text.xTimerCreateTimerTask
                0x00003092       0x42 FreeRTOS/src/timers.o
                0x00003092                xTimerCreateTimerTask
 .text.xTimerGenericCommand
                0x000030d4       0xbc FreeRTOS/src/timers.o
                0x000030d4                xTimerGenericCommand
 .text.prvSwitchTimerLists
                0x00003190       0xd0 FreeRTOS/src/timers.o
 .text.prvSampleTimeNow
                0x00003260       0x5c FreeRTOS/src/timers.o
 .text.prvProcessExpiredTimer
                0x000032bc       0xac FreeRTOS/src/timers.o
 .text.prvProcessTimerOrBlockTask
                0x00003368       0xae FreeRTOS/src/timers.o
 .text.prvProcessReceivedCommands
                0x00003416      0x168 FreeRTOS/src/timers.o
 .text.vApplicationIdleHook
                0x0000357e        0x2 FreeRTOS/src/variantHooks.o
                0x0000357e                vApplicationIdleHook
 .text.prvSetMainLedOn
                0x00003580        0xe FreeRTOS/src/variantHooks.o
                0x00003580                prvSetMainLedOn
 .text.prvBlinkMainLed
                0x0000358e        0x8 FreeRTOS/src/variantHooks.o
                0x0000358e                prvBlinkMainLed
 .text.vApplicationMallocFailedHook
                0x00003596       0x18 FreeRTOS/src/variantHooks.o
                0x00003596                vApplicationMallocFailedHook
 .text.vApplicationStackOverflowHook
                0x000035ae       0x18 FreeRTOS/src/variantHooks.o
                0x000035ae                vApplicationStackOverflowHook
 .text._lora_setup
                0x000035c6      0x176 LoRaWANHandler.o
 .text.lora_handler_task
                0x0000373c       0x2a LoRaWANHandler.o
                0x0000373c                lora_handler_task
 .text.lora_handler_initialise
                0x00003766       0x28 LoRaWANHandler.o
                0x00003766                lora_handler_initialise
 .text.send_measurment
                0x0000378e       0x5a LoRaWANHandler.o
                0x0000378e                send_measurment
 .text.initialiseSystem
                0x000037e8       0x68 main.o
                0x000037e8                initialiseSystem
 .text.main     0x00003850       0x18 main.o
                0x00003850                main
 .text._spiCallBack
                0x00003868       0x34 ../drivers\libIotLibrary.a(display_7seg.o)
 .text.display_7seg_powerUp
                0x0000389c        0x8 ../drivers\libIotLibrary.a(display_7seg.o)
                0x0000389c                display_7seg_powerUp
 .text.display_7seg_powerDown
                0x000038a4        0xe ../drivers\libIotLibrary.a(display_7seg.o)
                0x000038a4                display_7seg_powerDown
 .text.display_7seg_initialise
                0x000038b2       0x7c ../drivers\libIotLibrary.a(display_7seg.o)
                0x000038b2                display_7seg_initialise
 .text.__vector_21
                0x0000392e       0xe2 ../drivers\libIotLibrary.a(display_7seg.o)
                0x0000392e                __vector_21
 .text._hihTwiCallback
                0x00003a10       0x5a ../drivers\libIotLibrary.a(hih8120.o)
 .text.hih8120_initialise
                0x00003a6a       0x30 ../drivers\libIotLibrary.a(hih8120.o)
                0x00003a6a                hih8120_initialise
 .text.hih8120_isReady
                0x00003a9a        0x6 ../drivers\libIotLibrary.a(hih8120.o)
                0x00003a9a                hih8120_isReady
 .text.hih8120_wakeup
                0x00003aa0       0x2a ../drivers\libIotLibrary.a(hih8120.o)
                0x00003aa0                hih8120_wakeup
 .text.hih8120_measure
                0x00003aca       0x22 ../drivers\libIotLibrary.a(hih8120.o)
                0x00003aca                hih8120_measure
 .text.hih8120_getHumidity
                0x00003aec       0x2a ../drivers\libIotLibrary.a(hih8120.o)
                0x00003aec                hih8120_getHumidity
 .text.hih8120_getHumidityPercent_x10
                0x00003b16       0x16 ../drivers\libIotLibrary.a(hih8120.o)
                0x00003b16                hih8120_getHumidityPercent_x10
 .text.hih8120_getTemperature
                0x00003b2c       0x36 ../drivers\libIotLibrary.a(hih8120.o)
                0x00003b2c                hih8120_getTemperature
 .text.hih8120_getTemperature_x10
                0x00003b62       0x16 ../drivers\libIotLibrary.a(hih8120.o)
                0x00003b62                hih8120_getTemperature_x10
 .text._serialCallBack
                0x00003b78       0x8c ../drivers\libIotLibrary.a(lora_driver.o)
 .text._uploadMessage
                0x00003c04       0xb4 ../drivers\libIotLibrary.a(lora_driver.o)
 .text._reply2ReturnCode
                0x00003cb8       0xea ../drivers\libIotLibrary.a(lora_driver.o)
 .text._uploadMessageRc
                0x00003da2        0x6 ../drivers\libIotLibrary.a(lora_driver.o)
 .text.lora_driver_flushBuffers
                0x00003da8        0xe ../drivers\libIotLibrary.a(lora_driver.o)
                0x00003da8                lora_driver_flushBuffers
 .text.lora_driver_initialise
                0x00003db6       0x80 ../drivers\libIotLibrary.a(lora_driver.o)
                0x00003db6                lora_driver_initialise
 .text.lora_driver_resetRn2483
                0x00003e36       0x1c ../drivers\libIotLibrary.a(lora_driver.o)
                0x00003e36                lora_driver_resetRn2483
 .text.lora_driver_rn2483FactoryReset
                0x00003e52       0x24 ../drivers\libIotLibrary.a(lora_driver.o)
                0x00003e52                lora_driver_rn2483FactoryReset
 .text.lora_driver_getRn2483Hweui
                0x00003e76       0x38 ../drivers\libIotLibrary.a(lora_driver.o)
                0x00003e76                lora_driver_getRn2483Hweui
 .text.lora_driver_setDeviceIdentifier
                0x00003eae       0x22 ../drivers\libIotLibrary.a(lora_driver.o)
                0x00003eae                lora_driver_setDeviceIdentifier
 .text.lora_driver_setApplicationIdentifier
                0x00003ed0       0x22 ../drivers\libIotLibrary.a(lora_driver.o)
                0x00003ed0                lora_driver_setApplicationIdentifier
 .text.lora_driver_setApplicationKey
                0x00003ef2       0x22 ../drivers\libIotLibrary.a(lora_driver.o)
                0x00003ef2                lora_driver_setApplicationKey
 .text.lora_driver_saveMac
                0x00003f14        0xc ../drivers\libIotLibrary.a(lora_driver.o)
                0x00003f14                lora_driver_saveMac
 .text.lora_driver_join
                0x00003f20       0x52 ../drivers\libIotLibrary.a(lora_driver.o)
                0x00003f20                lora_driver_join
 .text.lora_driver_sendUploadMessage
                0x00003f72      0x196 ../drivers\libIotLibrary.a(lora_driver.o)
                0x00003f72                lora_driver_sendUploadMessage
 .text.lora_driver_setAdaptiveDataRate
                0x00004108       0x16 ../drivers\libIotLibrary.a(lora_driver.o)
                0x00004108                lora_driver_setAdaptiveDataRate
 .text.lora_driver_setReceiveDelay
                0x0000411e       0x30 ../drivers\libIotLibrary.a(lora_driver.o)
                0x0000411e                lora_driver_setReceiveDelay
 .text.lora_driver_configureToEu868
                0x0000414e      0x1bc ../drivers\libIotLibrary.a(lora_driver.o)
                0x0000414e                lora_driver_configureToEu868
 .text.lora_driver_setOtaaIdentity
                0x0000430a       0x42 ../drivers\libIotLibrary.a(lora_driver.o)
                0x0000430a                lora_driver_setOtaaIdentity
 .text.lora_driver_mapReturnCodeToText
                0x0000434c       0x18 ../drivers\libIotLibrary.a(lora_driver.o)
                0x0000434c                lora_driver_mapReturnCodeToText
 .text.decode_port_no
                0x00004364       0x58 ../drivers\libIotLibrary.a(lora_driver_utils.o)
                0x00004364                decode_port_no
 .text.decode_hexadecimal_string_bytes
                0x000043bc       0x92 ../drivers\libIotLibrary.a(lora_driver_utils.o)
                0x000043bc                decode_hexadecimal_string_bytes
 .text._serialCallBack
                0x0000444e       0xb6 ../drivers\libIotLibrary.a(mh_z19.o)
 .text.mh_z19_initialise
                0x00004504       0x4a ../drivers\libIotLibrary.a(mh_z19.o)
                0x00004504                mh_z19_initialise
 .text.mh_z19_injectCallBack
                0x0000454e        0xa ../drivers\libIotLibrary.a(mh_z19.o)
                0x0000454e                mh_z19_injectCallBack
 .text.serial_create
                0x00004558      0x150 ../drivers\libIotLibrary.a(serial.o)
                0x00004558                serial_create
 .text.serial_sendByte
                0x000046a8       0x56 ../drivers\libIotLibrary.a(serial.o)
                0x000046a8                serial_sendByte
 .text.serial_sendBytes
                0x000046fe       0xaa ../drivers\libIotLibrary.a(serial.o)
                0x000046fe                serial_sendBytes
 .text.serial_getByte
                0x000047a8       0x40 ../drivers\libIotLibrary.a(serial.o)
                0x000047a8                serial_getByte
 .text.__vector_25
                0x000047e8       0xa4 ../drivers\libIotLibrary.a(serial.o)
                0x000047e8                __vector_25
 .text.__vector_26
                0x0000488c       0x88 ../drivers\libIotLibrary.a(serial.o)
                0x0000488c                __vector_26
 .text.__vector_36
                0x00004914       0xa4 ../drivers\libIotLibrary.a(serial.o)
                0x00004914                __vector_36
 .text.__vector_37
                0x000049b8       0x88 ../drivers\libIotLibrary.a(serial.o)
                0x000049b8                __vector_37
 .text.__vector_51
                0x00004a40       0xa4 ../drivers\libIotLibrary.a(serial.o)
                0x00004a40                __vector_51
 .text.__vector_52
                0x00004ae4       0x88 ../drivers\libIotLibrary.a(serial.o)
                0x00004ae4                __vector_52
 .text.__vector_54
                0x00004b6c       0xa4 ../drivers\libIotLibrary.a(serial.o)
                0x00004b6c                __vector_54
 .text.__vector_55
                0x00004c10       0x88 ../drivers\libIotLibrary.a(serial.o)
                0x00004c10                __vector_55
 .text.usart_getchar
                0x00004c98       0x2a ../drivers\libIotLibrary.a(stdio_driver.o)
 .text.usart_putchar
                0x00004cc2       0x12 ../drivers\libIotLibrary.a(stdio_driver.o)
 .text.stdio_initialise
                0x00004cd4       0x52 ../drivers\libIotLibrary.a(stdio_driver.o)
                0x00004cd4                stdio_initialise
 .text._select_instance
                0x00004d26       0x72 ../drivers\libIotLibrary.a(spi_iha.o)
 .text.spi_create
                0x00004d98      0x1a4 ../drivers\libIotLibrary.a(spi_iha.o)
                0x00004d98                spi_create
 .text.spi_sendByte
                0x00004f3c       0xea ../drivers\libIotLibrary.a(spi_iha.o)
                0x00004f3c                spi_sendByte
 .text.__vector_24
                0x00005026      0x136 ../drivers\libIotLibrary.a(spi_iha.o)
                0x00005026                __vector_24
 .text._turn_off
                0x0000515c       0x98 ../drivers\libIotLibrary.a(status_leds.o)
 .text._turn_on
                0x000051f4       0x98 ../drivers\libIotLibrary.a(status_leds.o)
 .text._hal_led_task
                0x0000528c       0x8c ../drivers\libIotLibrary.a(status_leds.o)
 .text.status_leds_initialise
                0x00005318       0x9c ../drivers\libIotLibrary.a(status_leds.o)
                0x00005318                status_leds_initialise
 .text.status_leds_slowBlink
                0x000053b4       0x46 ../drivers\libIotLibrary.a(status_leds.o)
                0x000053b4                status_leds_slowBlink
 .text.status_leds_ledOn
                0x000053fa       0x1e ../drivers\libIotLibrary.a(status_leds.o)
                0x000053fa                status_leds_ledOn
 .text._initTwiInterface
                0x00005418       0x22 ../drivers\libIotLibrary.a(twi.o)
 .text.twiCreate
                0x0000543a       0x9a ../drivers\libIotLibrary.a(twi.o)
                0x0000543a                twiCreate
 .text.twiIsBusy
                0x000054d4        0x8 ../drivers\libIotLibrary.a(twi.o)
                0x000054d4                twiIsBusy
 .text.twiTransmit
                0x000054dc       0x98 ../drivers\libIotLibrary.a(twi.o)
                0x000054dc                twiTransmit
 .text.twiReceive
                0x00005574       0x66 ../drivers\libIotLibrary.a(twi.o)
                0x00005574                twiReceive
 .text.__vector_39
                0x000055da      0x17a ../drivers\libIotLibrary.a(twi.o)
                0x000055da                __vector_39
 .text.fifo_init
                0x00005754       0x38 ../drivers\libIotLibrary.a(fifo.o)
                0x00005754                fifo_init
 .text.avr-libc.fplib
                0x0000578c        0xa e:/program files (x86)/atmel/studio/7.0/toolchain/avr8/avr8-gnu-toolchain/bin/../lib/gcc/avr/5.4.0/../../../../avr/lib/avr6\libm.a(addsf3.o)
                0x0000578c                __subsf3
                0x0000578e                __addsf3
 .text.avr-libc.fplib
                0x00005796       0xc0 e:/program files (x86)/atmel/studio/7.0/toolchain/avr8/avr8-gnu-toolchain/bin/../lib/gcc/avr/5.4.0/../../../../avr/lib/avr6\libm.a(addsf3x.o)
                0x000057b0                __addsf3x
 .text.avr-libc.fplib
                0x00005856        0x4 e:/program files (x86)/atmel/studio/7.0/toolchain/avr8/avr8-gnu-toolchain/bin/../lib/gcc/avr/5.4.0/../../../../avr/lib/avr6\libm.a(divsf3.o)
                0x00005856                __divsf3
 .text.avr-libc.fplib
                0x0000585a       0xcc e:/program files (x86)/atmel/studio/7.0/toolchain/avr8/avr8-gnu-toolchain/bin/../lib/gcc/avr/5.4.0/../../../../avr/lib/avr6\libm.a(divsf3x.o)
                0x00005870                __divsf3x
                0x00005874                __divsf3_pse
 .text.avr-libc.fplib
                0x00005926        0xa e:/program files (x86)/atmel/studio/7.0/toolchain/avr8/avr8-gnu-toolchain/bin/../lib/gcc/avr/5.4.0/../../../../avr/lib/avr6\libm.a(fixsfsi.o)
                0x00005926                __fixsfsi
 .text.avr-libc.fplib
                0x00005930       0x58 e:/program files (x86)/atmel/studio/7.0/toolchain/avr8/avr8-gnu-toolchain/bin/../lib/gcc/avr/5.4.0/../../../../avr/lib/avr6\libm.a(fixunssfsi.o)
                0x00005930                __fixunssfsi
 .text.avr-libc.fplib
                0x00005988       0x7a e:/program files (x86)/atmel/studio/7.0/toolchain/avr8/avr8-gnu-toolchain/bin/../lib/gcc/avr/5.4.0/../../../../avr/lib/avr6\libm.a(floatsisf.o)
                0x00005988                __floatunsisf
                0x0000598c                __floatsisf
 .text.avr-libc.fplib
                0x00005a02        0xc e:/program files (x86)/atmel/studio/7.0/toolchain/avr8/avr8-gnu-toolchain/bin/../lib/gcc/avr/5.4.0/../../../../avr/lib/avr6\libm.a(fp_inf.o)
                0x00005a02                __fp_inf
 .text.avr-libc.fplib
                0x00005a0e        0x6 e:/program files (x86)/atmel/studio/7.0/toolchain/avr8/avr8-gnu-toolchain/bin/../lib/gcc/avr/5.4.0/../../../../avr/lib/avr6\libm.a(fp_nan.o)
                0x00005a0e                __fp_nan
 .text.avr-libc.fplib
                0x00005a14        0xe e:/program files (x86)/atmel/studio/7.0/toolchain/avr8/avr8-gnu-toolchain/bin/../lib/gcc/avr/5.4.0/../../../../avr/lib/avr6\libm.a(fp_pscA.o)
                0x00005a14                __fp_pscA
 .text.avr-libc.fplib
                0x00005a22        0xe e:/program files (x86)/atmel/studio/7.0/toolchain/avr8/avr8-gnu-toolchain/bin/../lib/gcc/avr/5.4.0/../../../../avr/lib/avr6\libm.a(fp_pscB.o)
                0x00005a22                __fp_pscB
 .text.avr-libc.fplib
                0x00005a30       0x22 e:/program files (x86)/atmel/studio/7.0/toolchain/avr8/avr8-gnu-toolchain/bin/../lib/gcc/avr/5.4.0/../../../../avr/lib/avr6\libm.a(fp_round.o)
                0x00005a30                __fp_round
 .text.avr-libc.fplib
                0x00005a52       0x44 e:/program files (x86)/atmel/studio/7.0/toolchain/avr8/avr8-gnu-toolchain/bin/../lib/gcc/avr/5.4.0/../../../../avr/lib/avr6\libm.a(fp_split3.o)
                0x00005a52                __fp_split3
                0x00005a62                __fp_splitA
 .text.avr-libc.fplib
                0x00005a96        0xe e:/program files (x86)/atmel/studio/7.0/toolchain/avr8/avr8-gnu-toolchain/bin/../lib/gcc/avr/5.4.0/../../../../avr/lib/avr6\libm.a(fp_zero.o)
                0x00005a96                __fp_zero
                0x00005a98                __fp_szero
 .text.avr-libc.fplib
                0x00005aa4        0x4 e:/program files (x86)/atmel/studio/7.0/toolchain/avr8/avr8-gnu-toolchain/bin/../lib/gcc/avr/5.4.0/../../../../avr/lib/avr6\libm.a(mulsf3.o)
                0x00005aa4                __mulsf3
 .text.avr-libc.fplib
                0x00005aa8       0xc2 e:/program files (x86)/atmel/studio/7.0/toolchain/avr8/avr8-gnu-toolchain/bin/../lib/gcc/avr/5.4.0/../../../../avr/lib/avr6\libm.a(mulsf3x.o)
                0x00005abc                __mulsf3x
                0x00005ac0                __mulsf3_pse
 .text.libgcc.div
                0x00005b6a       0x44 e:/program files (x86)/atmel/studio/7.0/toolchain/avr8/avr8-gnu-toolchain/bin/../lib/gcc/avr/5.4.0/avr6\libgcc.a(_udivmodsi4.o)
                0x00005b6a                __udivmodsi4
 .text.libgcc   0x00005bae       0x10 e:/program files (x86)/atmel/studio/7.0/toolchain/avr8/avr8-gnu-toolchain/bin/../lib/gcc/avr/5.4.0/avr6\libgcc.a(_tablejump2.o)
                0x00005bae                __tablejump2__
 .text.avr-libc
                0x00005bbe       0x34 e:/program files (x86)/atmel/studio/7.0/toolchain/avr8/avr8-gnu-toolchain/bin/../lib/gcc/avr/5.4.0/../../../../avr/lib/avr6\libc.a(calloc.o)
                0x00005bbe                calloc
 .text.avr-libc
                0x00005bf2      0x242 e:/program files (x86)/atmel/studio/7.0/toolchain/avr8/avr8-gnu-toolchain/bin/../lib/gcc/avr/5.4.0/../../../../avr/lib/avr6\libc.a(malloc.o)
                0x00005bf2                malloc
                0x00005d22                free
 .text.avr-libc
                0x00005e34        0x8 e:/program files (x86)/atmel/studio/7.0/toolchain/avr8/avr8-gnu-toolchain/bin/../lib/gcc/avr/5.4.0/../../../../avr/lib/avr6\libc.a(abort.o)
                0x00005e34                abort
 .text.avr-libc
                0x00005e3c       0x12 e:/program files (x86)/atmel/studio/7.0/toolchain/avr8/avr8-gnu-toolchain/bin/../lib/gcc/avr/5.4.0/../../../../avr/lib/avr6\libc.a(memcpy.o)
                0x00005e3c                memcpy
 .text.avr-libc
                0x00005e4e        0xe e:/program files (x86)/atmel/studio/7.0/toolchain/avr8/avr8-gnu-toolchain/bin/../lib/gcc/avr/5.4.0/../../../../avr/lib/avr6\libc.a(memset.o)
                0x00005e4e                memset
 .text.avr-libc
                0x00005e5c       0x4a e:/program files (x86)/atmel/studio/7.0/toolchain/avr8/avr8-gnu-toolchain/bin/../lib/gcc/avr/5.4.0/../../../../avr/lib/avr6\libc.a(strcasestr.o)
                0x00005e5c                strcasestr
 .text.avr-libc
                0x00005ea6       0x16 e:/program files (x86)/atmel/studio/7.0/toolchain/avr8/avr8-gnu-toolchain/bin/../lib/gcc/avr/5.4.0/../../../../avr/lib/avr6\libc.a(strcat.o)
                0x00005ea6                strcat
 .text.avr-libc
                0x00005ebc        0xe e:/program files (x86)/atmel/studio/7.0/toolchain/avr8/avr8-gnu-toolchain/bin/../lib/gcc/avr/5.4.0/../../../../avr/lib/avr6\libc.a(strcpy.o)
                0x00005ebc                strcpy
 .text.avr-libc
                0x00005eca       0x30 e:/program files (x86)/atmel/studio/7.0/toolchain/avr8/avr8-gnu-toolchain/bin/../lib/gcc/avr/5.4.0/../../../../avr/lib/avr6\libc.a(strncasecmp.o)
                0x00005eca                strncasecmp
 .text.avr-libc
                0x00005efa       0x26 e:/program files (x86)/atmel/studio/7.0/toolchain/avr8/avr8-gnu-toolchain/bin/../lib/gcc/avr/5.4.0/../../../../avr/lib/avr6\libc.a(printf.o)
                0x00005efa                printf
 .text.avr-libc
                0x00005f20       0x60 e:/program files (x86)/atmel/studio/7.0/toolchain/avr8/avr8-gnu-toolchain/bin/../lib/gcc/avr/5.4.0/../../../../avr/lib/avr6\libc.a(puts.o)
                0x00005f20                puts
 .text.avr-libc
                0x00005f80       0x5c e:/program files (x86)/atmel/studio/7.0/toolchain/avr8/avr8-gnu-toolchain/bin/../lib/gcc/avr/5.4.0/../../../../avr/lib/avr6\libc.a(sprintf.o)
                0x00005f80                sprintf
 .text.avr-libc
                0x00005fdc      0x3fa e:/program files (x86)/atmel/studio/7.0/toolchain/avr8/avr8-gnu-toolchain/bin/../lib/gcc/avr/5.4.0/../../../../avr/lib/avr6\libc.a(vfprintf_std.o)
                0x00005fdc                vfprintf
 .text.avr-libc
                0x000063d6       0x16 e:/program files (x86)/atmel/studio/7.0/toolchain/avr8/avr8-gnu-toolchain/bin/../lib/gcc/avr/5.4.0/../../../../avr/lib/avr6\libc.a(strnlen_P.o)
                0x000063d6                strnlen_P
 .text.avr-libc
                0x000063ec       0x16 e:/program files (x86)/atmel/studio/7.0/toolchain/avr8/avr8-gnu-toolchain/bin/../lib/gcc/avr/5.4.0/../../../../avr/lib/avr6\libc.a(strnlen.o)
                0x000063ec                strnlen
 .text.avr-libc
                0x00006402       0x78 e:/program files (x86)/atmel/studio/7.0/toolchain/avr8/avr8-gnu-toolchain/bin/../lib/gcc/avr/5.4.0/../../../../avr/lib/avr6\libc.a(fputc.o)
                0x00006402                fputc
 .text.avr-libc
                0x0000647a       0xbc e:/program files (x86)/atmel/studio/7.0/toolchain/avr8/avr8-gnu-toolchain/bin/../lib/gcc/avr/5.4.0/../../../../avr/lib/avr6\libc.a(ultoa_invert.o)
                0x0000647a                __ultoa_invert
                0x00006536                . = ALIGN (0x2)
 *(.fini9)
 .fini9         0x00006536        0x0 e:/program files (x86)/atmel/studio/7.0/toolchain/avr8/avr8-gnu-toolchain/bin/../lib/gcc/avr/5.4.0/avr6\libgcc.a(_exit.o)
                0x00006536                _exit
                0x00006536                exit
 *(.fini9)
 *(.fini8)
 *(.fini8)
 *(.fini7)
 *(.fini7)
 *(.fini6)
 *(.fini6)
 *(.fini5)
 *(.fini5)
 *(.fini4)
 *(.fini4)
 *(.fini3)
 *(.fini3)
 *(.fini2)
 *(.fini2)
 *(.fini1)
 *(.fini1)
 *(.fini0)
 .fini0         0x00006536        0x4 e:/program files (x86)/atmel/studio/7.0/toolchain/avr8/avr8-gnu-toolchain/bin/../lib/gcc/avr/5.4.0/avr6\libgcc.a(_exit.o)
 *(.fini0)
                0x0000653a                _etext = .

.data           0x00800200      0x554 load address 0x0000653a
                0x00800200                PROVIDE (__data_start, .)
 *(.data)
 .data          0x00800200        0x6 e:/program files (x86)/atmel/studio/7.0/toolchain/avr8/avr8-gnu-toolchain/bin/../lib/gcc/avr/5.4.0/../../../../avr/lib/avr6\libc.a(malloc.o)
                0x00800200                __malloc_heap_end
                0x00800202                __malloc_heap_start
                0x00800204                __malloc_margin
 *(.data*)
 .data.uxTopUsedPriority
                0x00800206        0x1 FreeRTOS/src/tasks.o
                0x00800206                uxTopUsedPriority
 .data._temp    0x00800207        0x2 ../drivers\libIotLibrary.a(hih8120.o)
 .data._hum     0x00800209        0x2 ../drivers\libIotLibrary.a(hih8120.o)
 .data._com_port_2_udr
                0x0080020b        0x8 ../drivers\libIotLibrary.a(serial.o)
                0x0080020b                _com_port_2_udr
 .data.mystdout.1882
                0x00800213        0xe ../drivers\libIotLibrary.a(stdio_driver.o)
 .data._twiCurrentState
                0x00800221        0x1 ../drivers\libIotLibrary.a(twi.o)
 *(.gnu.linkonce.d*)
 *(.rodata)
 .rodata        0x00800222       0x20 ../drivers\libIotLibrary.a(lora_driver.o)
 *(.rodata*)
 .rodata.str1.1
                0x00800242       0x2d application.o
 .rodata.str1.1
                0x0080026f        0xb sensors/co2_sensor.o
 .rodata.str1.1
                0x0080027a       0x65 sensors/temp_hum_sensor.o
 .rodata.str1.1
                0x008002df        0x5 FreeRTOS/src/tasks.o
 .rodata.str1.1
                0x008002e4        0x8 FreeRTOS/src/timers.o
 .rodata.str1.1
                0x008002ec      0x15c LoRaWANHandler.o
 .rodata.str1.1
                0x00800448       0x30 main.o
 .rodata.str1.1
                0x00800478      0x295 ../drivers\libIotLibrary.a(lora_driver.o)
                                0x2a5 (size before relaxing)
 .rodata._joinMode
                0x0080070d        0x4 ../drivers\libIotLibrary.a(lora_driver.o)
 .rodata._returnCode
                0x00800711       0x33 ../drivers\libIotLibrary.a(lora_driver.o)
                0x00800711                _returnCode
 .rodata._prescaler_mask
                0x00800744        0x7 ../drivers\libIotLibrary.a(spi_iha.o)
 .rodata.str1.1
                0x0080074b        0x8 ../drivers\libIotLibrary.a(status_leds.o)
 *(.gnu.linkonce.r*)
                0x00800754                . = ALIGN (0x2)
 *fill*         0x00800753        0x1 
                0x00800754                _edata = .
                0x00800754                PROVIDE (__data_end, .)

.bss            0x00800754     0x102d
                0x00800754                PROVIDE (__bss_start, .)
 *(.bss)
 *(.bss*)
 .bss.xLastWakeTime
                0x00800754        0x4 application.o
 .bss._measureEventGroup
                0x00800758        0x2 application.o
 .bss._dataReadyEventGroup
                0x0080075a        0x2 application.o
 .bss.xBlockAllocatedBit
                0x0080075c        0x2 FreeRTOS/src/heap_4.o
 .bss.xNumberOfSuccessfulFrees
                0x0080075e        0x2 FreeRTOS/src/heap_4.o
 .bss.xNumberOfSuccessfulAllocations
                0x00800760        0x2 FreeRTOS/src/heap_4.o
 .bss.xMinimumEverFreeBytesRemaining
                0x00800762        0x2 FreeRTOS/src/heap_4.o
 .bss.xFreeBytesRemaining
                0x00800764        0x2 FreeRTOS/src/heap_4.o
 .bss.pxEnd     0x00800766        0x2 FreeRTOS/src/heap_4.o
 .bss.xStart    0x00800768        0x4 FreeRTOS/src/heap_4.o
 .bss.ucHeap    0x0080076c      0xdac FreeRTOS/src/heap_4.o
 .bss.uxSchedulerSuspended
                0x00801518        0x1 FreeRTOS/src/tasks.o
 .bss.xIdleTaskHandle
                0x00801519        0x2 FreeRTOS/src/tasks.o
 .bss.xNextTaskUnblockTime
                0x0080151b        0x4 FreeRTOS/src/tasks.o
 .bss.uxTaskNumber
                0x0080151f        0x1 FreeRTOS/src/tasks.o
 .bss.xNumOfOverflows
                0x00801520        0x1 FreeRTOS/src/tasks.o
 .bss.xYieldPending
                0x00801521        0x1 FreeRTOS/src/tasks.o
 .bss.xPendedTicks
                0x00801522        0x4 FreeRTOS/src/tasks.o
 .bss.xSchedulerRunning
                0x00801526        0x1 FreeRTOS/src/tasks.o
 .bss.uxTopReadyPriority
                0x00801527        0x1 FreeRTOS/src/tasks.o
 .bss.xTickCount
                0x00801528        0x4 FreeRTOS/src/tasks.o
 .bss.uxCurrentNumberOfTasks
                0x0080152c        0x1 FreeRTOS/src/tasks.o
 .bss.xSuspendedTaskList
                0x0080152d        0xb FreeRTOS/src/tasks.o
 .bss.uxDeletedTasksWaitingCleanUp
                0x00801538        0x1 FreeRTOS/src/tasks.o
 .bss.xTasksWaitingTermination
                0x00801539        0xb FreeRTOS/src/tasks.o
 .bss.xPendingReadyList
                0x00801544        0xb FreeRTOS/src/tasks.o
 .bss.pxOverflowDelayedTaskList
                0x0080154f        0x2 FreeRTOS/src/tasks.o
 .bss.pxDelayedTaskList
                0x00801551        0x2 FreeRTOS/src/tasks.o
 .bss.xDelayedTaskList2
                0x00801553        0xb FreeRTOS/src/tasks.o
 .bss.xDelayedTaskList1
                0x0080155e        0xb FreeRTOS/src/tasks.o
 .bss.pxReadyTasksLists
                0x00801569       0x6e FreeRTOS/src/tasks.o
 .bss.pxCurrentTCB
                0x008015d7        0x2 FreeRTOS/src/tasks.o
                0x008015d7                pxCurrentTCB
 .bss.xLastTime.2436
                0x008015d9        0x4 FreeRTOS/src/timers.o
 .bss.xTimerTaskHandle
                0x008015dd        0x2 FreeRTOS/src/timers.o
 .bss.xTimerQueue
                0x008015df        0x2 FreeRTOS/src/timers.o
 .bss.pxOverflowTimerList
                0x008015e1        0x2 FreeRTOS/src/timers.o
 .bss.pxCurrentTimerList
                0x008015e3        0x2 FreeRTOS/src/timers.o
 .bss.xActiveTimerList2
                0x008015e5        0xb FreeRTOS/src/timers.o
 .bss.xActiveTimerList1
                0x008015f0        0xb FreeRTOS/src/timers.o
 .bss._uplink_payload
                0x008015fb       0x16 LoRaWANHandler.o
 .bss._displayDoneCallBack
                0x00801611        0x2 ../drivers\libIotLibrary.a(display_7seg.o)
 .bss._scrollIndex
                0x00801613        0x1 ../drivers\libIotLibrary.a(display_7seg.o)
 .bss._maxHexSegmentindex
                0x00801614        0x1 ../drivers\libIotLibrary.a(display_7seg.o)
 .bss._intCounter
                0x00801615        0x2 ../drivers\libIotLibrary.a(display_7seg.o)
 .bss._hexSegments
                0x00801617       0x26 ../drivers\libIotLibrary.a(display_7seg.o)
 .bss._digitSegments
                0x0080163d        0x4 ../drivers\libIotLibrary.a(display_7seg.o)
 .bss._digitNo  0x00801641        0x1 ../drivers\libIotLibrary.a(display_7seg.o)
 .bss._spi      0x00801642        0x2 ../drivers\libIotLibrary.a(display_7seg.o)
 .bss._measuringIsReady
                0x00801644        0x1 ../drivers\libIotLibrary.a(hih8120.o)
 .bss._hih8120Handler
                0x00801645        0x2 ../drivers\libIotLibrary.a(hih8120.o)
 .bss._tmp_buf.2871
                0x00801647       0x37 ../drivers\libIotLibrary.a(lora_driver.o)
 .bss.rec_buf_inp.2878
                0x0080167e        0x1 ../drivers\libIotLibrary.a(lora_driver.o)
 .bss._downlinkMessageBuffer
                0x0080167f        0x2 ../drivers\libIotLibrary.a(lora_driver.o)
 .bss._serialReplyBufferHandle
                0x00801681        0x2 ../drivers\libIotLibrary.a(lora_driver.o)
 .bss._rn2483_serial
                0x00801683        0x2 ../drivers\libIotLibrary.a(lora_driver.o)
 .bss._downlinkPayload
                0x00801685       0x16 ../drivers\libIotLibrary.a(lora_driver.o)
 .bss._payLoadHexBytes
                0x0080169b       0x15 ../drivers\libIotLibrary.a(lora_driver.o)
 .bss._recMessageBuf
                0x008016b0       0x2d ../drivers\libIotLibrary.a(lora_driver.o)
 .bss._sendMessage
                0x008016dd       0x2d ../drivers\libIotLibrary.a(lora_driver.o)
 .bss._replyMess
                0x0080170a       0x2d ../drivers\libIotLibrary.a(lora_driver.o)
 .bss.data.1944
                0x00801737        0x2 ../drivers\libIotLibrary.a(mh_z19.o)
 .bss.inDex.1943
                0x00801739        0x1 ../drivers\libIotLibrary.a(mh_z19.o)
 .bss.crc_sum.1945
                0x0080173a        0x1 ../drivers\libIotLibrary.a(mh_z19.o)
 .bss._appCallBack
                0x0080173b        0x2 ../drivers\libIotLibrary.a(mh_z19.o)
 .bss._mh_state
                0x0080173d        0x1 ../drivers\libIotLibrary.a(mh_z19.o)
                0x0080173d                _mh_state
 .bss._ppm      0x0080173e        0x2 ../drivers\libIotLibrary.a(mh_z19.o)
 .bss._serial   0x00801740        0x2 ../drivers\libIotLibrary.a(mh_z19.o)
 .bss._ser_handle
                0x00801742        0x8 ../drivers\libIotLibrary.a(serial.o)
 .bss._com_serial_instance
                0x0080174a        0x2 ../drivers\libIotLibrary.a(stdio_driver.o)
 .bss._initialised
                0x0080174c        0x1 ../drivers\libIotLibrary.a(spi_iha.o)
 .bss._this     0x0080174d        0x2 ../drivers\libIotLibrary.a(spi_iha.o)
 .bss._spi_active
                0x0080174f        0x1 ../drivers\libIotLibrary.a(spi_iha.o)
 .bss._led_status
                0x00801750       0x18 ../drivers\libIotLibrary.a(status_leds.o)
 .bss._index.1885
                0x00801768        0x1 ../drivers\libIotLibrary.a(twi.o)
 .bss._twiCurrentHandler
                0x00801769        0x2 ../drivers\libIotLibrary.a(twi.o)
 .bss._twiMessageLen
                0x0080176b        0x1 ../drivers\libIotLibrary.a(twi.o)
 .bss._twiMessageBuffer
                0x0080176c        0xa ../drivers\libIotLibrary.a(twi.o)
 .bss._twiIsInitiated
                0x00801776        0x1 ../drivers\libIotLibrary.a(twi.o)
 *(COMMON)
 COMMON         0x00801777        0x4 e:/program files (x86)/atmel/studio/7.0/toolchain/avr8/avr8-gnu-toolchain/bin/../lib/gcc/avr/5.4.0/../../../../avr/lib/avr6\libc.a(malloc.o)
                0x00801777                __brkval
                0x00801779                __flp
 COMMON         0x0080177b        0x6 e:/program files (x86)/atmel/studio/7.0/toolchain/avr8/avr8-gnu-toolchain/bin/../lib/gcc/avr/5.4.0/../../../../avr/lib/avr6\libc.a(iob.o)
                0x0080177b                __iob
                0x00801781                PROVIDE (__bss_end, .)
                0x0000653a                __data_load_start = LOADADDR (.data)
                0x00006a8e                __data_load_end = (__data_load_start + SIZEOF (.data))

.noinit         0x00801781        0x0
                [!provide]                PROVIDE (__noinit_start, .)
 *(.noinit*)
                [!provide]                PROVIDE (__noinit_end, .)
                0x00801781                _end = .
                0x00801781                PROVIDE (__heap_start, .)

.eeprom         0x00810000        0x0
 *(.eeprom*)
                0x00810000                __eeprom_end = .

.fuse
 *(.fuse)
 *(.lfuse)
 *(.hfuse)
 *(.efuse)

.lock
 *(.lock*)

.signature
 *(.signature*)

.user_signatures
 *(.user_signatures*)

.stab
 *(.stab)

.stabstr
 *(.stabstr)

.stab.excl
 *(.stab.excl)

.stab.exclstr
 *(.stab.exclstr)

.stab.index
 *(.stab.index)

.stab.indexstr
 *(.stab.indexstr)

.comment        0x00000000       0x5c
 *(.comment)
 .comment       0x00000000       0x30 application.o
                                 0x31 (size before relaxing)
 .comment       0x00000030       0x31 sensors/co2_sensor.o
 .comment       0x00000030       0x31 sensors/temp_hum_sensor.o
 .comment       0x00000030       0x31 FreeRTOS/src/event_groups.o
 .comment       0x00000030       0x31 FreeRTOS/src/heap_4.o
 .comment       0x00000030       0x31 FreeRTOS/src/list.o
 .comment       0x00000030       0x31 FreeRTOS/src/port.o
 .comment       0x00000030       0x31 FreeRTOS/src/queue.o
 .comment       0x00000030       0x31 FreeRTOS/src/stream_buffer.o
 .comment       0x00000030       0x31 FreeRTOS/src/tasks.o
 .comment       0x00000030       0x31 FreeRTOS/src/timers.o
 .comment       0x00000030       0x31 FreeRTOS/src/variantHooks.o
 .comment       0x00000030       0x31 LoRaWANHandler.o
 .comment       0x00000030       0x31 main.o
 .comment       0x00000030       0x31 ../drivers\libIotLibrary.a(display_7seg.o)
 .comment       0x00000030       0x31 ../drivers\libIotLibrary.a(hih8120.o)
 .comment       0x00000030       0x31 ../drivers\libIotLibrary.a(lora_driver.o)
 .comment       0x00000030       0x31 ../drivers\libIotLibrary.a(lora_driver_utils.o)
 .comment       0x00000030       0x31 ../drivers\libIotLibrary.a(mh_z19.o)
 .comment       0x00000030       0x31 ../drivers\libIotLibrary.a(serial.o)
 .comment       0x00000030       0x31 ../drivers\libIotLibrary.a(stdio_driver.o)
 .comment       0x00000030       0x31 ../drivers\libIotLibrary.a(spi_iha.o)
 .comment       0x00000030       0x31 ../drivers\libIotLibrary.a(status_leds.o)
 .comment       0x00000030       0x31 ../drivers\libIotLibrary.a(twi.o)
 .comment       0x00000030       0x31 ../drivers\libIotLibrary.a(fifo.o)
 .comment       0x00000030       0x31 e:/program files (x86)/atmel/studio/7.0/toolchain/avr8/avr8-gnu-toolchain/bin/../lib/gcc/avr/5.4.0/../../../../avr/lib/avr6\libc.a(calloc.o)
 .comment       0x00000030       0x31 e:/program files (x86)/atmel/studio/7.0/toolchain/avr8/avr8-gnu-toolchain/bin/../lib/gcc/avr/5.4.0/../../../../avr/lib/avr6\libc.a(malloc.o)
 .comment       0x00000030       0x31 e:/program files (x86)/atmel/studio/7.0/toolchain/avr8/avr8-gnu-toolchain/bin/../lib/gcc/avr/5.4.0/../../../../avr/lib/avr6\libc.a(iob.o)
 .comment       0x00000030       0x31 e:/program files (x86)/atmel/studio/7.0/toolchain/avr8/avr8-gnu-toolchain/bin/../lib/gcc/avr/5.4.0/../../../../avr/lib/avr6\libc.a(printf.o)
 .comment       0x00000030       0x31 e:/program files (x86)/atmel/studio/7.0/toolchain/avr8/avr8-gnu-toolchain/bin/../lib/gcc/avr/5.4.0/../../../../avr/lib/avr6\libc.a(puts.o)
 .comment       0x00000030       0x31 e:/program files (x86)/atmel/studio/7.0/toolchain/avr8/avr8-gnu-toolchain/bin/../lib/gcc/avr/5.4.0/../../../../avr/lib/avr6\libc.a(sprintf.o)
 .comment       0x00000030       0x2c e:/program files (x86)/atmel/studio/7.0/toolchain/avr8/avr8-gnu-toolchain/bin/../lib/gcc/avr/5.4.0/../../../../avr/lib/avr6\libc.a(vfprintf_std.o)
                                 0x2d (size before relaxing)
 .comment       0x0000005c       0x31 e:/program files (x86)/atmel/studio/7.0/toolchain/avr8/avr8-gnu-toolchain/bin/../lib/gcc/avr/5.4.0/../../../../avr/lib/avr6\libc.a(fputc.o)

.note.gnu.avr.deviceinfo
                0x00000000       0x40
 .note.gnu.avr.deviceinfo
                0x00000000       0x40 E:/Program Files (x86)/Atmel/Studio/7.0/Packs/atmel/ATmega_DFP/1.6.364/gcc/dev/atmega2560/avr6/crtatmega2560.o

.note.gnu.build-id
 *(.note.gnu.build-id)

.debug
 *(.debug)

.line
 *(.line)

.debug_srcinfo
 *(.debug_srcinfo)

.debug_sfnames
 *(.debug_sfnames)

.debug_aranges  0x00000000      0xb78
 *(.debug_aranges)
 .debug_aranges
                0x00000000       0x50 application.o
 .debug_aranges
                0x00000050       0x40 sensors/co2_sensor.o
 .debug_aranges
                0x00000090       0x48 sensors/temp_hum_sensor.o
 .debug_aranges
                0x000000d8       0x68 FreeRTOS/src/event_groups.o
 .debug_aranges
                0x00000140       0x58 FreeRTOS/src/heap_4.o
 .debug_aranges
                0x00000198       0x40 FreeRTOS/src/list.o
 .debug_aranges
                0x000001d8       0x58 FreeRTOS/src/port.o
 .debug_aranges
                0x00000230       0xf8 FreeRTOS/src/queue.o
 .debug_aranges
                0x00000328       0xc0 FreeRTOS/src/stream_buffer.o
 .debug_aranges
                0x000003e8      0x1d0 FreeRTOS/src/tasks.o
 .debug_aranges
                0x000005b8       0xc8 FreeRTOS/src/timers.o
 .debug_aranges
                0x00000680       0x40 FreeRTOS/src/variantHooks.o
 .debug_aranges
                0x000006c0       0x38 LoRaWANHandler.o
 .debug_aranges
                0x000006f8       0x28 main.o
 .debug_aranges
                0x00000720       0x58 ../drivers\libIotLibrary.a(display_7seg.o)
 .debug_aranges
                0x00000778       0x68 ../drivers\libIotLibrary.a(hih8120.o)
 .debug_aranges
                0x000007e0      0x138 ../drivers\libIotLibrary.a(lora_driver.o)
 .debug_aranges
                0x00000918       0x28 ../drivers\libIotLibrary.a(lora_driver_utils.o)
 .debug_aranges
                0x00000940       0x58 ../drivers\libIotLibrary.a(mh_z19.o)
 .debug_aranges
                0x00000998       0x90 ../drivers\libIotLibrary.a(serial.o)
 .debug_aranges
                0x00000a28       0x38 ../drivers\libIotLibrary.a(stdio_driver.o)
 .debug_aranges
                0x00000a60       0x40 ../drivers\libIotLibrary.a(spi_iha.o)
 .debug_aranges
                0x00000aa0       0x68 ../drivers\libIotLibrary.a(status_leds.o)
 .debug_aranges
                0x00000b08       0x50 ../drivers\libIotLibrary.a(twi.o)
 .debug_aranges
                0x00000b58       0x20 ../drivers\libIotLibrary.a(fifo.o)

.debug_pubnames
 *(.debug_pubnames)

.debug_info     0x00000000     0xe508
 *(.debug_info .gnu.linkonce.wi.*)
 .debug_info    0x00000000      0xbbc E:/Program Files (x86)/Atmel/Studio/7.0/Packs/atmel/ATmega_DFP/1.6.364/gcc/dev/atmega2560/avr6/crtatmega2560.o
 .debug_info    0x00000bbc      0x457 application.o
 .debug_info    0x00001013      0x256 sensors/co2_sensor.o
 .debug_info    0x00001269      0x32e sensors/temp_hum_sensor.o
 .debug_info    0x00001597      0x971 FreeRTOS/src/event_groups.o
 .debug_info    0x00001f08      0x4e6 FreeRTOS/src/heap_4.o
 .debug_info    0x000023ee      0x2e7 FreeRTOS/src/list.o
 .debug_info    0x000026d5      0x2ff FreeRTOS/src/port.o
 .debug_info    0x000029d4     0x17e6 FreeRTOS/src/queue.o
 .debug_info    0x000041ba     0x13df FreeRTOS/src/stream_buffer.o
 .debug_info    0x00005599     0x2239 FreeRTOS/src/tasks.o
 .debug_info    0x000077d2     0x10dd FreeRTOS/src/timers.o
 .debug_info    0x000088af      0x20f FreeRTOS/src/variantHooks.o
 .debug_info    0x00008abe      0x720 LoRaWANHandler.o
 .debug_info    0x000091de      0x364 main.o
 .debug_info    0x00009542      0x5b8 ../drivers\libIotLibrary.a(display_7seg.o)
 .debug_info    0x00009afa      0x3a9 ../drivers\libIotLibrary.a(hih8120.o)
 .debug_info    0x00009ea3     0x1747 ../drivers\libIotLibrary.a(lora_driver.o)
 .debug_info    0x0000b5ea      0x143 ../drivers\libIotLibrary.a(lora_driver_utils.o)
 .debug_info    0x0000b72d      0x556 ../drivers\libIotLibrary.a(mh_z19.o)
 .debug_info    0x0000bc83      0xd9c ../drivers\libIotLibrary.a(serial.o)
 .debug_info    0x0000ca1f      0x3b6 ../drivers\libIotLibrary.a(stdio_driver.o)
 .debug_info    0x0000cdd5      0xaf1 ../drivers\libIotLibrary.a(spi_iha.o)
 .debug_info    0x0000d8c6      0x522 ../drivers\libIotLibrary.a(status_leds.o)
 .debug_info    0x0000dde8      0x55d ../drivers\libIotLibrary.a(twi.o)
 .debug_info    0x0000e345      0x1c3 ../drivers\libIotLibrary.a(fifo.o)

.debug_abbrev   0x00000000     0x3a1e
 *(.debug_abbrev)
 .debug_abbrev  0x00000000      0xb1a E:/Program Files (x86)/Atmel/Studio/7.0/Packs/atmel/ATmega_DFP/1.6.364/gcc/dev/atmega2560/avr6/crtatmega2560.o
 .debug_abbrev  0x00000b1a      0x18a application.o
 .debug_abbrev  0x00000ca4      0x153 sensors/co2_sensor.o
 .debug_abbrev  0x00000df7      0x180 sensors/temp_hum_sensor.o
 .debug_abbrev  0x00000f77      0x1dc FreeRTOS/src/event_groups.o
 .debug_abbrev  0x00001153      0x200 FreeRTOS/src/heap_4.o
 .debug_abbrev  0x00001353       0xff FreeRTOS/src/list.o
 .debug_abbrev  0x00001452      0x179 FreeRTOS/src/port.o
 .debug_abbrev  0x000015cb      0x241 FreeRTOS/src/queue.o
 .debug_abbrev  0x0000180c      0x246 FreeRTOS/src/stream_buffer.o
 .debug_abbrev  0x00001a52      0x2c8 FreeRTOS/src/tasks.o
 .debug_abbrev  0x00001d1a      0x28c FreeRTOS/src/timers.o
 .debug_abbrev  0x00001fa6       0xff FreeRTOS/src/variantHooks.o
 .debug_abbrev  0x000020a5      0x1a4 LoRaWANHandler.o
 .debug_abbrev  0x00002249      0x129 main.o
 .debug_abbrev  0x00002372      0x21f ../drivers\libIotLibrary.a(display_7seg.o)
 .debug_abbrev  0x00002591      0x184 ../drivers\libIotLibrary.a(hih8120.o)
 .debug_abbrev  0x00002715      0x33b ../drivers\libIotLibrary.a(lora_driver.o)
 .debug_abbrev  0x00002a50       0xc0 ../drivers\libIotLibrary.a(lora_driver_utils.o)
 .debug_abbrev  0x00002b10      0x238 ../drivers\libIotLibrary.a(mh_z19.o)
 .debug_abbrev  0x00002d48      0x355 ../drivers\libIotLibrary.a(serial.o)
 .debug_abbrev  0x0000309d      0x1b3 ../drivers\libIotLibrary.a(stdio_driver.o)
 .debug_abbrev  0x00003250      0x2f8 ../drivers\libIotLibrary.a(spi_iha.o)
 .debug_abbrev  0x00003548      0x1d7 ../drivers\libIotLibrary.a(status_leds.o)
 .debug_abbrev  0x0000371f      0x217 ../drivers\libIotLibrary.a(twi.o)
 .debug_abbrev  0x00003936       0xe8 ../drivers\libIotLibrary.a(fifo.o)

.debug_line     0x00000000     0x71ba
 *(.debug_line .debug_line.* .debug_line_end)
 .debug_line    0x00000000      0x1fa E:/Program Files (x86)/Atmel/Studio/7.0/Packs/atmel/ATmega_DFP/1.6.364/gcc/dev/atmega2560/avr6/crtatmega2560.o
 .debug_line    0x000001fa      0x246 application.o
 .debug_line    0x00000440      0x163 sensors/co2_sensor.o
 .debug_line    0x000005a3      0x1cf sensors/temp_hum_sensor.o
 .debug_line    0x00000772      0x413 FreeRTOS/src/event_groups.o
 .debug_line    0x00000b85      0x41f FreeRTOS/src/heap_4.o
 .debug_line    0x00000fa4      0x1db FreeRTOS/src/list.o
 .debug_line    0x0000117f      0x28a FreeRTOS/src/port.o
 .debug_line    0x00001409      0xbe3 FreeRTOS/src/queue.o
 .debug_line    0x00001fec      0x79a FreeRTOS/src/stream_buffer.o
 .debug_line    0x00002786     0x15ba FreeRTOS/src/tasks.o
 .debug_line    0x00003d40      0x624 FreeRTOS/src/timers.o
 .debug_line    0x00004364      0x1af FreeRTOS/src/variantHooks.o
 .debug_line    0x00004513      0x26a LoRaWANHandler.o
 .debug_line    0x0000477d      0x1a7 main.o
 .debug_line    0x00004924      0x3e1 ../drivers\libIotLibrary.a(display_7seg.o)
 .debug_line    0x00004d05      0x24a ../drivers\libIotLibrary.a(hih8120.o)
 .debug_line    0x00004f4f      0x9aa ../drivers\libIotLibrary.a(lora_driver.o)
 .debug_line    0x000058f9      0x195 ../drivers\libIotLibrary.a(lora_driver_utils.o)
 .debug_line    0x00005a8e      0x2fc ../drivers\libIotLibrary.a(mh_z19.o)
 .debug_line    0x00005d8a      0x6a1 ../drivers\libIotLibrary.a(serial.o)
 .debug_line    0x0000642b      0x146 ../drivers\libIotLibrary.a(stdio_driver.o)
 .debug_line    0x00006571      0x4e6 ../drivers\libIotLibrary.a(spi_iha.o)
 .debug_line    0x00006a57      0x32c ../drivers\libIotLibrary.a(status_leds.o)
 .debug_line    0x00006d83      0x31c ../drivers\libIotLibrary.a(twi.o)
 .debug_line    0x0000709f      0x11b ../drivers\libIotLibrary.a(fifo.o)

.debug_frame    0x00000000     0x2950
 *(.debug_frame)
 .debug_frame   0x00000000       0xe8 application.o
 .debug_frame   0x000000e8       0x74 sensors/co2_sensor.o
 .debug_frame   0x0000015c       0x84 sensors/temp_hum_sensor.o
 .debug_frame   0x000001e0      0x1dc FreeRTOS/src/event_groups.o
 .debug_frame   0x000003bc       0xfc FreeRTOS/src/heap_4.o
 .debug_frame   0x000004b8       0x90 FreeRTOS/src/list.o
 .debug_frame   0x00000548       0x94 FreeRTOS/src/port.o
 .debug_frame   0x000005dc      0x3a4 FreeRTOS/src/queue.o
 .debug_frame   0x00000980      0x40c FreeRTOS/src/stream_buffer.o
 .debug_frame   0x00000d8c      0x7a0 FreeRTOS/src/tasks.o
 .debug_frame   0x0000152c      0x3ac FreeRTOS/src/timers.o
 .debug_frame   0x000018d8       0x64 FreeRTOS/src/variantHooks.o
 .debug_frame   0x0000193c       0x90 LoRaWANHandler.o
 .debug_frame   0x000019cc       0x48 main.o
 .debug_frame   0x00001a14      0x14c ../drivers\libIotLibrary.a(display_7seg.o)
 .debug_frame   0x00001b60       0xc0 ../drivers\libIotLibrary.a(hih8120.o)
 .debug_frame   0x00001c20      0x460 ../drivers\libIotLibrary.a(lora_driver.o)
 .debug_frame   0x00002080       0x48 ../drivers\libIotLibrary.a(lora_driver_utils.o)
 .debug_frame   0x000020c8      0x100 ../drivers\libIotLibrary.a(mh_z19.o)
 .debug_frame   0x000021c8      0x384 ../drivers\libIotLibrary.a(serial.o)
 .debug_frame   0x0000254c       0x94 ../drivers\libIotLibrary.a(stdio_driver.o)
 .debug_frame   0x000025e0      0x134 ../drivers\libIotLibrary.a(spi_iha.o)
 .debug_frame   0x00002714       0xec ../drivers\libIotLibrary.a(status_leds.o)
 .debug_frame   0x00002800      0x12c ../drivers\libIotLibrary.a(twi.o)
 .debug_frame   0x0000292c       0x24 ../drivers\libIotLibrary.a(fifo.o)

.debug_str      0x00000000     0x46fd
 *(.debug_str)
 .debug_str     0x00000000      0x3e6 E:/Program Files (x86)/Atmel/Studio/7.0/Packs/atmel/ATmega_DFP/1.6.364/gcc/dev/atmega2560/avr6/crtatmega2560.o
 .debug_str     0x000003e6      0x369 application.o
                                0x3dc (size before relaxing)
 .debug_str     0x0000074f       0xf4 sensors/co2_sensor.o
                                0x2ec (size before relaxing)
 .debug_str     0x00000843      0x17c sensors/temp_hum_sensor.o
                                0x3c8 (size before relaxing)
 .debug_str     0x000009bf      0x37b FreeRTOS/src/event_groups.o
                                0x5a0 (size before relaxing)
 .debug_str     0x00000d3a      0x2ce FreeRTOS/src/heap_4.o
                                0x496 (size before relaxing)
 .debug_str     0x00001008       0x89 FreeRTOS/src/list.o
                                0x2d2 (size before relaxing)
 .debug_str     0x00001091      0x14d FreeRTOS/src/port.o
                                0x307 (size before relaxing)
 .debug_str     0x000011de      0x652 FreeRTOS/src/queue.o
                                0x946 (size before relaxing)
 .debug_str     0x00001830      0x4ed FreeRTOS/src/stream_buffer.o
                                0x7cf (size before relaxing)
 .debug_str     0x00001d1d      0x89a FreeRTOS/src/tasks.o
                                0xf67 (size before relaxing)
 .debug_str     0x000025b7      0x414 FreeRTOS/src/timers.o
                                0x83d (size before relaxing)
 .debug_str     0x000029cb       0x81 FreeRTOS/src/variantHooks.o
                                0x27e (size before relaxing)
 .debug_str     0x00002a4c      0x413 LoRaWANHandler.o
                                0x64f (size before relaxing)
 .debug_str     0x00002e5f       0x8e main.o
                                0x300 (size before relaxing)
 .debug_str     0x00002eed      0x3c5 ../drivers\libIotLibrary.a(display_7seg.o)
                                0x493 (size before relaxing)
 .debug_str     0x000032b2      0x1da ../drivers\libIotLibrary.a(hih8120.o)
                                0x45c (size before relaxing)
 .debug_str     0x0000348c      0x6a5 ../drivers\libIotLibrary.a(lora_driver.o)
                                0xcdb (size before relaxing)
 .debug_str     0x00003b31       0x4f ../drivers\libIotLibrary.a(lora_driver_utils.o)
                                0x206 (size before relaxing)
 .debug_str     0x00003b80      0x18c ../drivers\libIotLibrary.a(mh_z19.o)
                                0x489 (size before relaxing)
 .debug_str     0x00003d0c      0x2c6 ../drivers\libIotLibrary.a(serial.o)
                                0x628 (size before relaxing)
 .debug_str     0x00003fd2       0xa6 ../drivers\libIotLibrary.a(stdio_driver.o)
                                0x37d (size before relaxing)
 .debug_str     0x00004078      0x229 ../drivers\libIotLibrary.a(spi_iha.o)
                                0x623 (size before relaxing)
 .debug_str     0x000042a1      0x14b ../drivers\libIotLibrary.a(status_leds.o)
                                0x381 (size before relaxing)
 .debug_str     0x000043ec      0x2ef ../drivers\libIotLibrary.a(twi.o)
                                0x5b4 (size before relaxing)
 .debug_str     0x000046db       0x22 ../drivers\libIotLibrary.a(fifo.o)
                                0x239 (size before relaxing)

.debug_loc      0x00000000     0xd3dc
 *(.debug_loc)
 .debug_loc     0x00000000      0x228 application.o
 .debug_loc     0x00000228       0xb4 sensors/co2_sensor.o
 .debug_loc     0x000002dc       0xb4 sensors/temp_hum_sensor.o
 .debug_loc     0x00000390      0xcc9 FreeRTOS/src/event_groups.o
 .debug_loc     0x00001059      0x4be FreeRTOS/src/heap_4.o
 .debug_loc     0x00001517      0x17d FreeRTOS/src/list.o
 .debug_loc     0x00001694       0xf6 FreeRTOS/src/port.o
 .debug_loc     0x0000178a     0x1abd FreeRTOS/src/queue.o
 .debug_loc     0x00003247     0x1daf FreeRTOS/src/stream_buffer.o
 .debug_loc     0x00004ff6     0x2a07 FreeRTOS/src/tasks.o
 .debug_loc     0x000079fd     0x10f3 FreeRTOS/src/timers.o
 .debug_loc     0x00008af0       0xdc FreeRTOS/src/variantHooks.o
 .debug_loc     0x00008bcc      0x211 LoRaWANHandler.o
 .debug_loc     0x00008ddd       0x89 main.o
 .debug_loc     0x00008e66      0x76a ../drivers\libIotLibrary.a(display_7seg.o)
 .debug_loc     0x000095d0       0x9f ../drivers\libIotLibrary.a(hih8120.o)
 .debug_loc     0x0000966f     0x1216 ../drivers\libIotLibrary.a(lora_driver.o)
 .debug_loc     0x0000a885      0x1d2 ../drivers\libIotLibrary.a(lora_driver_utils.o)
 .debug_loc     0x0000aa57      0x37c ../drivers\libIotLibrary.a(mh_z19.o)
 .debug_loc     0x0000add3     0x114c ../drivers\libIotLibrary.a(serial.o)
 .debug_loc     0x0000bf1f      0x18c ../drivers\libIotLibrary.a(stdio_driver.o)
 .debug_loc     0x0000c0ab      0x9cc ../drivers\libIotLibrary.a(spi_iha.o)
 .debug_loc     0x0000ca77      0x292 ../drivers\libIotLibrary.a(status_leds.o)
 .debug_loc     0x0000cd09      0x575 ../drivers\libIotLibrary.a(twi.o)
 .debug_loc     0x0000d27e      0x15e ../drivers\libIotLibrary.a(fifo.o)

.debug_macinfo
 *(.debug_macinfo)

.debug_weaknames
 *(.debug_weaknames)

.debug_funcnames
 *(.debug_funcnames)

.debug_typenames
 *(.debug_typenames)

.debug_varnames
 *(.debug_varnames)

.debug_pubtypes
 *(.debug_pubtypes)

.debug_ranges   0x00000000      0xb10
 *(.debug_ranges)
 .debug_ranges  0x00000000       0x40 application.o
 .debug_ranges  0x00000040       0x30 sensors/co2_sensor.o
 .debug_ranges  0x00000070       0x38 sensors/temp_hum_sensor.o
 .debug_ranges  0x000000a8       0x70 FreeRTOS/src/event_groups.o
 .debug_ranges  0x00000118       0x48 FreeRTOS/src/heap_4.o
 .debug_ranges  0x00000160       0x30 FreeRTOS/src/list.o
 .debug_ranges  0x00000190       0x48 FreeRTOS/src/port.o
 .debug_ranges  0x000001d8      0x130 FreeRTOS/src/queue.o
 .debug_ranges  0x00000308       0xb0 FreeRTOS/src/stream_buffer.o
 .debug_ranges  0x000003b8      0x200 FreeRTOS/src/tasks.o
 .debug_ranges  0x000005b8       0xb8 FreeRTOS/src/timers.o
 .debug_ranges  0x00000670       0x30 FreeRTOS/src/variantHooks.o
 .debug_ranges  0x000006a0       0x28 LoRaWANHandler.o
 .debug_ranges  0x000006c8       0x18 main.o
 .debug_ranges  0x000006e0       0x48 ../drivers\libIotLibrary.a(display_7seg.o)
 .debug_ranges  0x00000728       0x58 ../drivers\libIotLibrary.a(hih8120.o)
 .debug_ranges  0x00000780      0x128 ../drivers\libIotLibrary.a(lora_driver.o)
 .debug_ranges  0x000008a8       0x30 ../drivers\libIotLibrary.a(lora_driver_utils.o)
 .debug_ranges  0x000008d8       0x48 ../drivers\libIotLibrary.a(mh_z19.o)
 .debug_ranges  0x00000920       0x98 ../drivers\libIotLibrary.a(serial.o)
 .debug_ranges  0x000009b8       0x28 ../drivers\libIotLibrary.a(stdio_driver.o)
 .debug_ranges  0x000009e0       0x88 ../drivers\libIotLibrary.a(spi_iha.o)
 .debug_ranges  0x00000a68       0x58 ../drivers\libIotLibrary.a(status_leds.o)
 .debug_ranges  0x00000ac0       0x40 ../drivers\libIotLibrary.a(twi.o)
 .debug_ranges  0x00000b00       0x10 ../drivers\libIotLibrary.a(fifo.o)

.debug_macro
 *(.debug_macro)
OUTPUT(SEP4-IoT.elf elf32-avr)
LOAD linker stubs
