Archive member included to satisfy reference by file (symbol)

../drivers\libIotLibrary.a(display_7seg.o)
                              main.o (display_7seg_powerUp)
../drivers\libIotLibrary.a(hih8120.o)
                              sensors/temp_hum_sensor.o (hih8120_initialise)
../drivers\libIotLibrary.a(lora_driver.o)
                              LoRaWANHandler.o (lora_driver_flushBuffers)
../drivers\libIotLibrary.a(lora_driver_utils.o)
                              ../drivers\libIotLibrary.a(lora_driver.o) (decode_port_no)
../drivers\libIotLibrary.a(mh_z19.o)
                              sensors/co2_sensor.o (mh_z19_initialise)
../drivers\libIotLibrary.a(serial.o)
                              ../drivers\libIotLibrary.a(lora_driver.o) (serial_create)
../drivers\libIotLibrary.a(stdio_driver.o)
                              main.o (stdio_initialise)
../drivers\libIotLibrary.a(spi_iha.o)
                              ../drivers\libIotLibrary.a(display_7seg.o) (spi_create)
../drivers\libIotLibrary.a(status_leds.o)
                              main.o (status_leds_initialise)
../drivers\libIotLibrary.a(twi.o)
                              ../drivers\libIotLibrary.a(hih8120.o) (twiCreate)
../drivers\libIotLibrary.a(fifo.o)
                              ../drivers\libIotLibrary.a(serial.o) (fifo_init)
c:/program files (x86)/atmel/studio/7.0/toolchain/avr8/avr8-gnu-toolchain/bin/../lib/gcc/avr/5.4.0/../../../../avr/lib/avr6\libm.a(addsf3.o)
                              ../drivers\libIotLibrary.a(hih8120.o) (__subsf3)
c:/program files (x86)/atmel/studio/7.0/toolchain/avr8/avr8-gnu-toolchain/bin/../lib/gcc/avr/5.4.0/../../../../avr/lib/avr6\libm.a(addsf3x.o)
                              c:/program files (x86)/atmel/studio/7.0/toolchain/avr8/avr8-gnu-toolchain/bin/../lib/gcc/avr/5.4.0/../../../../avr/lib/avr6\libm.a(addsf3.o) (__addsf3x)
c:/program files (x86)/atmel/studio/7.0/toolchain/avr8/avr8-gnu-toolchain/bin/../lib/gcc/avr/5.4.0/../../../../avr/lib/avr6\libm.a(divsf3.o)
                              ../drivers\libIotLibrary.a(hih8120.o) (__divsf3)
c:/program files (x86)/atmel/studio/7.0/toolchain/avr8/avr8-gnu-toolchain/bin/../lib/gcc/avr/5.4.0/../../../../avr/lib/avr6\libm.a(divsf3x.o)
                              c:/program files (x86)/atmel/studio/7.0/toolchain/avr8/avr8-gnu-toolchain/bin/../lib/gcc/avr/5.4.0/../../../../avr/lib/avr6\libm.a(divsf3.o) (__divsf3x)
c:/program files (x86)/atmel/studio/7.0/toolchain/avr8/avr8-gnu-toolchain/bin/../lib/gcc/avr/5.4.0/../../../../avr/lib/avr6\libm.a(fixsfsi.o)
                              ../drivers\libIotLibrary.a(display_7seg.o) (__fixsfsi)
c:/program files (x86)/atmel/studio/7.0/toolchain/avr8/avr8-gnu-toolchain/bin/../lib/gcc/avr/5.4.0/../../../../avr/lib/avr6\libm.a(fixunssfsi.o)
                              ../drivers\libIotLibrary.a(hih8120.o) (__fixunssfsi)
c:/program files (x86)/atmel/studio/7.0/toolchain/avr8/avr8-gnu-toolchain/bin/../lib/gcc/avr/5.4.0/../../../../avr/lib/avr6\libm.a(floatsisf.o)
                              ../drivers\libIotLibrary.a(display_7seg.o) (__floatunsisf)
c:/program files (x86)/atmel/studio/7.0/toolchain/avr8/avr8-gnu-toolchain/bin/../lib/gcc/avr/5.4.0/../../../../avr/lib/avr6\libm.a(floor.o)
                              ../drivers\libIotLibrary.a(display_7seg.o) (floor)
c:/program files (x86)/atmel/studio/7.0/toolchain/avr8/avr8-gnu-toolchain/bin/../lib/gcc/avr/5.4.0/../../../../avr/lib/avr6\libm.a(fp_inf.o)
                              c:/program files (x86)/atmel/studio/7.0/toolchain/avr8/avr8-gnu-toolchain/bin/../lib/gcc/avr/5.4.0/../../../../avr/lib/avr6\libm.a(addsf3x.o) (__fp_inf)
c:/program files (x86)/atmel/studio/7.0/toolchain/avr8/avr8-gnu-toolchain/bin/../lib/gcc/avr/5.4.0/../../../../avr/lib/avr6\libm.a(fp_mintl.o)
                              c:/program files (x86)/atmel/studio/7.0/toolchain/avr8/avr8-gnu-toolchain/bin/../lib/gcc/avr/5.4.0/../../../../avr/lib/avr6\libm.a(floor.o) (__fp_mintl)
c:/program files (x86)/atmel/studio/7.0/toolchain/avr8/avr8-gnu-toolchain/bin/../lib/gcc/avr/5.4.0/../../../../avr/lib/avr6\libm.a(fp_mpack.o)
                              c:/program files (x86)/atmel/studio/7.0/toolchain/avr8/avr8-gnu-toolchain/bin/../lib/gcc/avr/5.4.0/../../../../avr/lib/avr6\libm.a(floor.o) (__fp_mpack)
c:/program files (x86)/atmel/studio/7.0/toolchain/avr8/avr8-gnu-toolchain/bin/../lib/gcc/avr/5.4.0/../../../../avr/lib/avr6\libm.a(fp_nan.o)
                              c:/program files (x86)/atmel/studio/7.0/toolchain/avr8/avr8-gnu-toolchain/bin/../lib/gcc/avr/5.4.0/../../../../avr/lib/avr6\libm.a(addsf3x.o) (__fp_nan)
c:/program files (x86)/atmel/studio/7.0/toolchain/avr8/avr8-gnu-toolchain/bin/../lib/gcc/avr/5.4.0/../../../../avr/lib/avr6\libm.a(fp_pscA.o)
                              c:/program files (x86)/atmel/studio/7.0/toolchain/avr8/avr8-gnu-toolchain/bin/../lib/gcc/avr/5.4.0/../../../../avr/lib/avr6\libm.a(addsf3x.o) (__fp_pscA)
[...]
Memory Configuration

Name             Origin             Length             Attributes
text             0x00000000         0x00040000         xr
data             0x00800200         0x00002000         rw !x
eeprom           0x00810000         0x00001000         rw !x
fuse             0x00820000         0x00000003         rw !x
lock             0x00830000         0x00000400         rw !x
signature        0x00840000         0x00000400         rw !x
user_signatures  0x00850000         0x00000400         rw !x
*default*        0x00000000         0xffffffff

Linker script and memory map

Address of section .data set to 0x800200
LOAD C:/Program Files (x86)/Atmel/Studio/7.0/Packs/atmel/ATmega_DFP/1.6.364/gcc/dev/atmega2560/avr6/crtatmega2560.o
LOAD sensors/co2_sensor.o
LOAD sensors/temp_hum_sensor.o
LOAD FreeRTOS/FreeRTOSTraceDriver/FreeRTOSTraceDriver.o
LOAD FreeRTOS/src/croutine.o
LOAD FreeRTOS/src/event_groups.o
LOAD FreeRTOS/src/heap_4.o
LOAD FreeRTOS/src/list.o
LOAD FreeRTOS/src/port.o
LOAD FreeRTOS/src/queue.o
LOAD FreeRTOS/src/stream_buffer.o
LOAD FreeRTOS/src/tasks.o
LOAD FreeRTOS/src/timers.o
LOAD FreeRTOS/src/variantHooks.o
LOAD LoRaWANHandler.o
LOAD main.o
START GROUP
LOAD c:/program files (x86)/atmel/studio/7.0/toolchain/avr8/avr8-gnu-toolchain/bin/../lib/gcc/avr/5.4.0/../../../../avr/lib/avr6\libm.a
LOAD ../drivers\libIotLibrary.a
END GROUP
START GROUP
LOAD c:/program files (x86)/atmel/studio/7.0/toolchain/avr8/avr8-gnu-toolchain/bin/../lib/gcc/avr/5.4.0/avr6\libgcc.a
LOAD c:/program files (x86)/atmel/studio/7.0/toolchain/avr8/avr8-gnu-toolchain/bin/../lib/gcc/avr/5.4.0/../../../../avr/lib/avr6\libm.a
LOAD c:/program files (x86)/atmel/studio/7.0/toolchain/avr8/avr8-gnu-toolchain/bin/../lib/gcc/avr/5.4.0/../../../../avr/lib/avr6\libc.a
LOAD C:/Program Files (x86)/Atmel/Studio/7.0/Packs/atmel/ATmega_DFP/1.6.364/gcc/dev/atmega2560/avr6\libatmega2560.a
END GROUP
                0x00000000                __TEXT_REGION_ORIGIN__ = DEFINED (__TEXT_REGION_ORIGIN__)?__TEXT_REGION_ORIGIN__:0x0
                [0x00800200]                __DATA_REGION_ORIGIN__ = DEFINED (__DATA_REGION_ORIGIN__)?__DATA_REGION_ORIGIN__:0x800200
                [0x00040000]                __TEXT_REGION_LENGTH__ = DEFINED (__TEXT_REGION_LENGTH__)?__TEXT_REGION_LENGTH__:0x100000
                [0x00002000]                __DATA_REGION_LENGTH__ = DEFINED (__DATA_REGION_LENGTH__)?__DATA_REGION_LENGTH__:0xfe00
                [0x00001000]                __EEPROM_REGION_LENGTH__ = DEFINED (__EEPROM_REGION_LENGTH__)?__EEPROM_REGION_LENGTH__:0x10000
                [0x00000003]                __FUSE_REGION_LENGTH__ = DEFINED (__FUSE_REGION_LENGTH__)?__FUSE_REGION_LENGTH__:0x400
                0x00000400                __LOCK_REGION_LENGTH__ = DEFINED (__LOCK_REGION_LENGTH__)?__LOCK_REGION_LENGTH__:0x400
                0x00000400                __SIGNATURE_REGION_LENGTH__ = DEFINED (__SIGNATURE_REGION_LENGTH__)?__SIGNATURE_REGION_LENGTH__:0x400
                0x00000400                __USER_SIGNATURE_REGION_LENGTH__ = DEFINED (__USER_SIGNATURE_REGION_LENGTH__)?__USER_SIGNATURE_REGION_LENGTH__:0x400

.hash
 *(.hash)

.dynsym
 *(.dynsym)

.dynstr
 *(.dynstr)

.gnu.version
 *(.gnu.version)

.gnu.version_d
 *(.gnu.version_d)

.gnu.version_r
 *(.gnu.version_r)

.rel.init
 *(.rel.init)

.rela.init
 *(.rela.init)

.rel.text
 *(.rel.text)
 *(.rel.text.*)
 *(.rel.gnu.linkonce.t*)

.rela.text
 *(.rela.text)
 *(.rela.text.*)
 *(.rela.gnu.linkonce.t*)

.rel.fini
 *(.rel.fini)

.rela.fini
 *(.rela.fini)

.rel.rodata
 *(.rel.rodata)
 *(.rel.rodata.*)
 *(.rel.gnu.linkonce.r*)

.rela.rodata
 *(.rela.rodata)
 *(.rela.rodata.*)
 *(.rela.gnu.linkonce.r*)

.rel.data
 *(.rel.data)
 *(.rel.data.*)
 *(.rel.gnu.linkonce.d*)

.rela.data
 *(.rela.data)
 *(.rela.data.*)
 *(.rela.gnu.linkonce.d*)

.rel.ctors
 *(.rel.ctors)

.rela.ctors
 *(.rela.ctors)

.rel.dtors
 *(.rel.dtors)

.rela.dtors
 *(.rela.dtors)

.rel.got
 *(.rel.got)

.rela.got
 *(.rela.got)

.rel.bss
 *(.rel.bss)

.rela.bss
 *(.rela.bss)

.rel.plt
 *(.rel.plt)

.rela.plt
 *(.rela.plt)

.text           0x00000000     0x65fa
 *(.vectors)
 .vectors       0x00000000       0xe4 C:/Program Files (x86)/Atmel/Studio/7.0/Packs/atmel/ATmega_DFP/1.6.364/gcc/dev/atmega2560/avr6/crtatmega2560.o
                0x00000000                __vector_default
                0x00000000                __vectors
 *(.vectors)
 *(.progmem.gcc*)
 .progmem.gcc_sw_table.prvProcessReceivedCommands
                0x000000e4       0x14 FreeRTOS/src/timers.o
 .progmem.gcc_sw_table.__vector_39
                0x000000f8       0xa2 ../drivers\libIotLibrary.a(twi.o)
                0x0000019a                . = ALIGN (0x2)
                0x0000019a                __trampolines_start = .
 *(.trampolines)
 .trampolines   0x0000019a        0x0 linker stubs
 *(.trampolines*)
                0x0000019a                __trampolines_end = .
 *libprintf_flt.a:*(.progmem.data)
 *libc.a:*(.progmem.data)
 *(.progmem*)
                0x0000019a                . = ALIGN (0x2)
 *(.jumptables)
 *(.jumptables*)
 *(.lowtext)
 .lowtext       0x0000019a       0x14 FreeRTOS/src/tasks.o
 .lowtext       0x000001ae       0x1e FreeRTOS/src/timers.o
 *(.lowtext*)
                0x000001cc                __ctors_start = .
 *(.ctors)
                0x000001cc                __ctors_end = .
                0x000001cc                __dtors_start = .
 *(.dtors)
                0x000001cc                __dtors_end = .
 SORT(*)(.ctors)
 SORT(*)(.dtors)
 *(.init0)
 .init0         0x000001cc        0x0 C:/Program Files (x86)/Atmel/Studio/7.0/Packs/atmel/ATmega_DFP/1.6.364/gcc/dev/atmega2560/avr6/crtatmega2560.o
                0x000001cc                __init
 *(.init0)
 *(.init1)
 *(.init1)
 *(.init2)
 .init2         0x000001cc       0x10 C:/Program Files (x86)/Atmel/Studio/7.0/Packs/atmel/ATmega_DFP/1.6.364/gcc/dev/atmega2560/avr6/crtatmega2560.o
 *(.init2)
 *(.init3)
 *(.init3)
 *(.init4)
 .init4         0x000001dc       0x1a c:/program files (x86)/atmel/studio/7.0/toolchain/avr8/avr8-gnu-toolchain/bin/../lib/gcc/avr/5.4.0/avr6\libgcc.a(_copy_data.o)
                0x000001dc                __do_copy_data
 .init4         0x000001f6       0x10 c:/program files (x86)/atmel/studio/7.0/toolchain/avr8/avr8-gnu-toolchain/bin/../lib/gcc/avr/5.4.0/avr6\libgcc.a(_clear_bss.o)
                0x000001f6                __do_clear_bss
 *(.init4)
 *(.init5)
 *(.init5)
 *(.init6)
 *(.init6)
 *(.init7)
 *(.init7)
 *(.init8)
 *(.init8)
 *(.init9)
 .init9         0x00000206        0x8 C:/Program Files (x86)/Atmel/Studio/7.0/Packs/atmel/ATmega_DFP/1.6.364/gcc/dev/atmega2560/avr6/crtatmega2560.o
 *(.init9)
 *(.text)
 .text          0x0000020e        0x2 C:/Program Files (x86)/Atmel/Studio/7.0/Packs/atmel/ATmega_DFP/1.6.364/gcc/dev/atmega2560/avr6/crtatmega2560.o
                0x0000020e                __vector_38
                0x0000020e                __vector_22
                0x0000020e                __vector_28
                0x0000020e                __vector_1
                0x0000020e                __vector_32
                0x0000020e                __vector_34
                0x0000020e                __vector_46
                0x0000020e                __bad_interrupt
                0x0000020e                __vector_6
                0x0000020e                __vector_31
                0x0000020e                __vector_35
                0x0000020e                __vector_3
                0x0000020e                __vector_23
                0x0000020e                __vector_30
                0x0000020e                __vector_45
                0x0000020e                __vector_11
                0x0000020e                __vector_13
                0x0000020e                __vector_17
                0x0000020e                __vector_19
                0x0000020e                __vector_56
                0x0000020e                __vector_7
                0x0000020e                __vector_49
                0x0000020e                __vector_41
                0x0000020e                __vector_43
                0x0000020e                __vector_27
                0x0000020e                __vector_5
                0x0000020e                __vector_33
                0x0000020e                __vector_47
                0x0000020e                __vector_4
                0x0000020e                __vector_44
                0x0000020e                __vector_9
                0x0000020e                __vector_2
                0x0000020e                __vector_15
                0x0000020e                __vector_29
                0x0000020e                __vector_40
                0x0000020e                __vector_8
                0x0000020e                __vector_48
                0x0000020e                __vector_14
                0x0000020e                __vector_53
                0x0000020e                __vector_10
                0x0000020e                __vector_50
                0x0000020e                __vector_16
                0x0000020e                __vector_18
                0x0000020e                __vector_20
                0x0000020e                __vector_42
                0x00000210                . = ALIGN (0x2)
 *(.text.*)
 .text.prvHeapInit
                0x00000210       0x52 FreeRTOS/src/heap_4.o
 .text.prvInsertBlockIntoFreeList
                0x00000262       0x94 FreeRTOS/src/heap_4.o
 .text.pvPortMalloc
                0x000002f6      0x152 FreeRTOS/src/heap_4.o
                0x000002f6                pvPortMalloc
 .text.vPortFree
                0x00000448       0x7a FreeRTOS/src/heap_4.o
                0x00000448                vPortFree
 .text.vListInitialise
                0x000004c2       0x22 FreeRTOS/src/list.o
                0x000004c2                vListInitialise
 .text.vListInitialiseItem
                0x000004e4        0x8 FreeRTOS/src/list.o
                0x000004e4                vListInitialiseItem
 .text.vListInsert
                0x000004ec       0x7a FreeRTOS/src/list.o
                0x000004ec                vListInsert
 .text.uxListRemove
                0x00000566       0x4e FreeRTOS/src/list.o
                0x00000566                uxListRemove
 .text.prvSetupTimerInterrupt
                0x000005b4       0x18 FreeRTOS/src/port.o
 .text.pxPortInitialiseStack
                0x000005cc       0x2e FreeRTOS/src/port.o
                0x000005cc                pxPortInitialiseStack
 .text.xPortStartScheduler
                0x000005fa       0x64 FreeRTOS/src/port.o
                0x000005fa                xPortStartScheduler
 .text.vPortYield
                0x0000065e       0xc2 FreeRTOS/src/port.o
                0x0000065e                vPortYield
 .text.vPortYieldFromTick
                0x00000720       0xca FreeRTOS/src/port.o
                0x00000720                vPortYieldFromTick
 .text.__vector_12
                0x000007ea        0x4 FreeRTOS/src/port.o
                0x000007ea                __vector_12
 .text.prvGetDisinheritPriorityAfterTimeout
                0x000007ee       0x20 FreeRTOS/src/queue.o
 .text.prvIsQueueEmpty
                0x0000080e       0x1a FreeRTOS/src/queue.o
 .text.prvIsQueueFull
                0x00000828       0x1c FreeRTOS/src/queue.o
 .text.prvCopyDataToQueue
                0x00000844       0xbe FreeRTOS/src/queue.o
 .text.prvCopyDataFromQueue
                0x00000902       0x34 FreeRTOS/src/queue.o
 .text.prvUnlockQueue
                0x00000936       0x68 FreeRTOS/src/queue.o
 .text.xQueueGenericReset
                0x0000099e       0x86 FreeRTOS/src/queue.o
                0x0000099e                xQueueGenericReset
 .text.prvInitialiseNewQueue
                0x00000a24       0x24 FreeRTOS/src/queue.o
 .text.xQueueGenericCreate
                0x00000a48       0x46 FreeRTOS/src/queue.o
                0x00000a48                xQueueGenericCreate
 .text.xQueueGenericSend
                0x00000a8e      0x124 FreeRTOS/src/queue.o
                0x00000a8e                xQueueGenericSend
 .text.prvInitialiseMutex
                0x00000bb2       0x24 FreeRTOS/src/queue.o
 .text.xQueueCreateMutex
                0x00000bd6       0x18 FreeRTOS/src/queue.o
                0x00000bd6                xQueueCreateMutex
 .text.xQueueGenericSendFromISR
                0x00000bee       0x76 FreeRTOS/src/queue.o
                0x00000bee                xQueueGenericSendFromISR
 .text.xQueueReceive
                0x00000c64      0x11e FreeRTOS/src/queue.o
                0x00000c64                xQueueReceive
 .text.xQueueSemaphoreTake
                0x00000d82      0x162 FreeRTOS/src/queue.o
                0x00000d82                xQueueSemaphoreTake
 .text.vQueueWaitForMessageRestricted
                0x00000ee4       0x38 FreeRTOS/src/queue.o
                0x00000ee4                vQueueWaitForMessageRestricted
 .text.prvBytesInBuffer
                0x00000f1c       0x26 FreeRTOS/src/stream_buffer.o
 .text.prvInitialiseNewStreamBuffer
                0x00000f42       0x20 FreeRTOS/src/stream_buffer.o
 .text.prvWriteBytesToBuffer
                0x00000f62       0x92 FreeRTOS/src/stream_buffer.o
 .text.prvWriteMessageToBuffer
                0x00000ff4       0x86 FreeRTOS/src/stream_buffer.o
 .text.prvReadBytesFromBuffer
                0x0000107a       0x9e FreeRTOS/src/stream_buffer.o
 .text.prvReadMessageFromBuffer
                0x00001118       0x8a FreeRTOS/src/stream_buffer.o
 .text.xStreamBufferGenericCreate
                0x000011a2       0x64 FreeRTOS/src/stream_buffer.o
                0x000011a2                xStreamBufferGenericCreate
 .text.xStreamBufferReset
                0x00001206       0x3c FreeRTOS/src/stream_buffer.o
                0x00001206                xStreamBufferReset
 .text.xStreamBufferSpacesAvailable
                0x00001242       0x24 FreeRTOS/src/stream_buffer.o
                0x00001242                xStreamBufferSpacesAvailable
 .text.xStreamBufferSend
                0x00001266      0x186 FreeRTOS/src/stream_buffer.o
                0x00001266                xStreamBufferSend
 .text.xStreamBufferSendFromISR
                0x000013ec       0x88 FreeRTOS/src/stream_buffer.o
                0x000013ec                xStreamBufferSendFromISR
 .text.xStreamBufferReceive
                0x00001474      0x104 FreeRTOS/src/stream_buffer.o
                0x00001474                xStreamBufferReceive
 .text.prvResetNextTaskUnblockTime
                0x00001578       0x4e FreeRTOS/src/tasks.o
 .text.prvDeleteTCB
                0x000015c6       0x1a FreeRTOS/src/tasks.o
 .text.prvInitialiseNewTask
                0x000015e0       0xfc FreeRTOS/src/tasks.o
 .text.prvInitialiseTaskLists
                0x000016dc       0x60 FreeRTOS/src/tasks.o
 .text.prvAddNewTaskToReadyList
                0x0000173c       0xde FreeRTOS/src/tasks.o
 .text.prvCheckTasksWaitingTermination
                0x0000181a       0x4a FreeRTOS/src/tasks.o
 .text.prvAddCurrentTaskToDelayedList
                0x00001864      0x144 FreeRTOS/src/tasks.o
 .text.xTaskCreate
                0x000019a8       0x98 FreeRTOS/src/tasks.o
                0x000019a8                xTaskCreate
 .text.vTaskStartScheduler
                0x00001a40       0x70 FreeRTOS/src/tasks.o
                0x00001a40                vTaskStartScheduler
 .text.vTaskSuspendAll
                0x00001ab0        0xc FreeRTOS/src/tasks.o
                0x00001ab0                vTaskSuspendAll
 .text.xTaskGetTickCount
                0x00001abc       0x1c FreeRTOS/src/tasks.o
                0x00001abc                xTaskGetTickCount
 .text.xTaskIncrementTick
                0x00001ad8      0x258 FreeRTOS/src/tasks.o
                0x00001ad8                xTaskIncrementTick
 .text.xTaskResumeAll
                0x00001d30      0x1b8 FreeRTOS/src/tasks.o
                0x00001d30                xTaskResumeAll
 .text.xTaskDelayUntil
                0x00001ee8       0xca FreeRTOS/src/tasks.o
                0x00001ee8                xTaskDelayUntil
 .text.vTaskDelay
                0x00001fb2       0x36 FreeRTOS/src/tasks.o
                0x00001fb2                vTaskDelay
 .text.vTaskSwitchContext
                0x00001fe8       0xca FreeRTOS/src/tasks.o
                0x00001fe8                vTaskSwitchContext
 .text.vTaskPlaceOnEventList
                0x000020b2       0x2e FreeRTOS/src/tasks.o
                0x000020b2                vTaskPlaceOnEventList
 .text.vTaskPlaceOnEventListRestricted
                0x000020e0       0x84 FreeRTOS/src/tasks.o
                0x000020e0                vTaskPlaceOnEventListRestricted
 .text.xTaskRemoveFromEventList
                0x00002164      0x15e FreeRTOS/src/tasks.o
                0x00002164                xTaskRemoveFromEventList
 .text.vTaskSetTimeOutState
                0x000022c2       0x2c FreeRTOS/src/tasks.o
                0x000022c2                vTaskSetTimeOutState
 .text.vTaskInternalSetTimeOutState
                0x000022ee       0x22 FreeRTOS/src/tasks.o
                0x000022ee                vTaskInternalSetTimeOutState
 .text.xTaskCheckForTimeOut
                0x00002310       0xcc FreeRTOS/src/tasks.o
                0x00002310                xTaskCheckForTimeOut
 .text.vTaskMissedYield
                0x000023dc        0x8 FreeRTOS/src/tasks.o
                0x000023dc                vTaskMissedYield
 .text.xTaskGetCurrentTaskHandle
                0x000023e4        0xa FreeRTOS/src/tasks.o
                0x000023e4                xTaskGetCurrentTaskHandle
 .text.xTaskGetSchedulerState
                0x000023ee       0x1c FreeRTOS/src/tasks.o
                0x000023ee                xTaskGetSchedulerState
 .text.xTaskPriorityInherit
                0x0000240a      0x10e FreeRTOS/src/tasks.o
                0x0000240a                xTaskPriorityInherit
 .text.xTaskPriorityDisinherit
                0x00002518       0xb6 FreeRTOS/src/tasks.o
                0x00002518                xTaskPriorityDisinherit
 .text.vTaskPriorityDisinheritAfterTimeout
                0x000025ce       0xce FreeRTOS/src/tasks.o
                0x000025ce                vTaskPriorityDisinheritAfterTimeout
 .text.pvTaskIncrementMutexHeldCount
                0x0000269c       0x24 FreeRTOS/src/tasks.o
                0x0000269c                pvTaskIncrementMutexHeldCount
 .text.xTaskGenericNotifyWait
                0x000026c0      0x14e FreeRTOS/src/tasks.o
                0x000026c0                xTaskGenericNotifyWait
 .text.xTaskGenericNotify
                0x0000280e      0x1ee FreeRTOS/src/tasks.o
                0x0000280e                xTaskGenericNotify
 .text.xTaskGenericNotifyFromISR
                0x000029fc      0x244 FreeRTOS/src/tasks.o
                0x000029fc                xTaskGenericNotifyFromISR
 .text.xTaskGenericNotifyStateClear
                0x00002c40       0x34 FreeRTOS/src/tasks.o
                0x00002c40                xTaskGenericNotifyStateClear
 .text.prvGetNextExpireTime
                0x00002c74       0x30 FreeRTOS/src/timers.o
 .text.prvInsertTimerInActiveList
                0x00002ca4       0x92 FreeRTOS/src/timers.o
 .text.prvCheckForValidListAndQueue
                0x00002d36       0x52 FreeRTOS/src/timers.o
 .text.xTimerCreateTimerTask
                0x00002d88       0x42 FreeRTOS/src/timers.o
                0x00002d88                xTimerCreateTimerTask
 .text.xTimerGenericCommand
                0x00002dca       0xbc FreeRTOS/src/timers.o
                0x00002dca                xTimerGenericCommand
 .text.prvSwitchTimerLists
                0x00002e86       0xd0 FreeRTOS/src/timers.o
 .text.prvSampleTimeNow
                0x00002f56       0x5c FreeRTOS/src/timers.o
 .text.prvProcessExpiredTimer
                0x00002fb2       0xac FreeRTOS/src/timers.o
 .text.prvProcessTimerOrBlockTask
                0x0000305e       0xae FreeRTOS/src/timers.o
 .text.prvProcessReceivedCommands
                0x0000310c      0x168 FreeRTOS/src/timers.o
 .text.vApplicationIdleHook
                0x00003274        0x2 FreeRTOS/src/variantHooks.o
                0x00003274                vApplicationIdleHook
 .text.prvSetMainLedOn
                0x00003276        0xe FreeRTOS/src/variantHooks.o
                0x00003276                prvSetMainLedOn
 .text.prvBlinkMainLed
                0x00003284        0x8 FreeRTOS/src/variantHooks.o
                0x00003284                prvBlinkMainLed
 .text.vApplicationMallocFailedHook
                0x0000328c       0x18 FreeRTOS/src/variantHooks.o
                0x0000328c                vApplicationMallocFailedHook
 .text.vApplicationStackOverflowHook
                0x000032a4       0x18 FreeRTOS/src/variantHooks.o
                0x000032a4                vApplicationStackOverflowHook
 .text._lora_setup
                0x000032bc      0x17c LoRaWANHandler.o
 .text.lora_handler_task
                0x00003438       0x2a LoRaWANHandler.o
                0x00003438                lora_handler_task
 .text.lora_handler_initialise
                0x00003462       0x28 LoRaWANHandler.o
                0x00003462                lora_handler_initialise
 .text.send_measurment
                0x0000348a       0x5a LoRaWANHandler.o
                0x0000348a                send_measurment
 .text.task1    0x000034e4       0x58 main.o
                0x000034e4                task1
 .text.task2    0x0000353c       0xae main.o
                0x0000353c                task2
 .text.myCo2CallBack
                0x000035ea       0x1e main.o
                0x000035ea                myCo2CallBack
 .text.taskHandler
                0x00003608      0x15c main.o
                0x00003608                taskHandler
 .text.create_tasks_and_semaphores
                0x00003764       0x86 main.o
                0x00003764                create_tasks_and_semaphores
 .text.initialiseSystem
                0x000037ea       0x42 main.o
                0x000037ea                initialiseSystem
 .text.main     0x0000382c       0x18 main.o
                0x0000382c                main
 .text._spiCallBack
                0x00003844       0x34 ../drivers\libIotLibrary.a(display_7seg.o)
 .text.display_7seg_powerUp
                0x00003878        0x8 ../drivers\libIotLibrary.a(display_7seg.o)
                0x00003878                display_7seg_powerUp
 .text.display_7seg_powerDown
                0x00003880        0xe ../drivers\libIotLibrary.a(display_7seg.o)
                0x00003880                display_7seg_powerDown
 .text.display_7seg_initialise
                0x0000388e       0x7c ../drivers\libIotLibrary.a(display_7seg.o)
                0x0000388e                display_7seg_initialise
 .text.__vector_21
                0x0000390a       0xe2 ../drivers\libIotLibrary.a(display_7seg.o)
                0x0000390a                __vector_21
 .text._hihTwiCallback
                0x000039ec       0x5a ../drivers\libIotLibrary.a(hih8120.o)
 .text.hih8120_initialise
                0x00003a46       0x30 ../drivers\libIotLibrary.a(hih8120.o)
                0x00003a46                hih8120_initialise
 .text.hih8120_isReady
                0x00003a76        0x6 ../drivers\libIotLibrary.a(hih8120.o)
                0x00003a76                hih8120_isReady
 .text.hih8120_wakeup
                0x00003a7c       0x2a ../drivers\libIotLibrary.a(hih8120.o)
                0x00003a7c                hih8120_wakeup
 .text.hih8120_measure
                0x00003aa6       0x22 ../drivers\libIotLibrary.a(hih8120.o)
                0x00003aa6                hih8120_measure
 .text.hih8120_getHumidity
                0x00003ac8       0x2a ../drivers\libIotLibrary.a(hih8120.o)
                0x00003ac8                hih8120_getHumidity
 .text.hih8120_getHumidityPercent_x10
                0x00003af2       0x16 ../drivers\libIotLibrary.a(hih8120.o)
                0x00003af2                hih8120_getHumidityPercent_x10
 .text.hih8120_getTemperature
                0x00003b08       0x36 ../drivers\libIotLibrary.a(hih8120.o)
                0x00003b08                hih8120_getTemperature
 .text.hih8120_getTemperature_x10
                0x00003b3e       0x16 ../drivers\libIotLibrary.a(hih8120.o)
                0x00003b3e                hih8120_getTemperature_x10
 .text._serialCallBack
                0x00003b54       0x8c ../drivers\libIotLibrary.a(lora_driver.o)
 .text._uploadMessage
                0x00003be0       0xb4 ../drivers\libIotLibrary.a(lora_driver.o)
 .text._reply2ReturnCode
                0x00003c94       0xea ../drivers\libIotLibrary.a(lora_driver.o)
 .text._uploadMessageRc
                0x00003d7e        0x6 ../drivers\libIotLibrary.a(lora_driver.o)
 .text.lora_driver_flushBuffers
                0x00003d84        0xe ../drivers\libIotLibrary.a(lora_driver.o)
                0x00003d84                lora_driver_flushBuffers
 .text.lora_driver_initialise
                0x00003d92       0x80 ../drivers\libIotLibrary.a(lora_driver.o)
                0x00003d92                lora_driver_initialise
 .text.lora_driver_resetRn2483
                0x00003e12       0x1c ../drivers\libIotLibrary.a(lora_driver.o)
                0x00003e12                lora_driver_resetRn2483
 .text.lora_driver_rn2483FactoryReset
                0x00003e2e       0x24 ../drivers\libIotLibrary.a(lora_driver.o)
                0x00003e2e                lora_driver_rn2483FactoryReset
 .text.lora_driver_getRn2483Hweui
                0x00003e52       0x38 ../drivers\libIotLibrary.a(lora_driver.o)
                0x00003e52                lora_driver_getRn2483Hweui
 .text.lora_driver_setDeviceIdentifier
                0x00003e8a       0x22 ../drivers\libIotLibrary.a(lora_driver.o)
                0x00003e8a                lora_driver_setDeviceIdentifier
 .text.lora_driver_setApplicationIdentifier
                0x00003eac       0x22 ../drivers\libIotLibrary.a(lora_driver.o)
                0x00003eac                lora_driver_setApplicationIdentifier
 .text.lora_driver_setApplicationKey
                0x00003ece       0x22 ../drivers\libIotLibrary.a(lora_driver.o)
                0x00003ece                lora_driver_setApplicationKey
 .text.lora_driver_saveMac
                0x00003ef0        0xc ../drivers\libIotLibrary.a(lora_driver.o)
                0x00003ef0                lora_driver_saveMac
 .text.lora_driver_join
                0x00003efc       0x52 ../drivers\libIotLibrary.a(lora_driver.o)
                0x00003efc                lora_driver_join
 .text.lora_driver_sendUploadMessage
                0x00003f4e      0x196 ../drivers\libIotLibrary.a(lora_driver.o)
                0x00003f4e                lora_driver_sendUploadMessage
 .text.lora_driver_setAdaptiveDataRate
                0x000040e4       0x16 ../drivers\libIotLibrary.a(lora_driver.o)
                0x000040e4                lora_driver_setAdaptiveDataRate
 .text.lora_driver_setReceiveDelay
                0x000040fa       0x30 ../drivers\libIotLibrary.a(lora_driver.o)
                0x000040fa                lora_driver_setReceiveDelay
 .text.lora_driver_configureToEu868
                0x0000412a      0x1bc ../drivers\libIotLibrary.a(lora_driver.o)
                0x0000412a                lora_driver_configureToEu868
 .text.lora_driver_setOtaaIdentity
                0x000042e6       0x42 ../drivers\libIotLibrary.a(lora_driver.o)
                0x000042e6                lora_driver_setOtaaIdentity
 .text.lora_driver_mapReturnCodeToText
                0x00004328       0x18 ../drivers\libIotLibrary.a(lora_driver.o)
                0x00004328                lora_driver_mapReturnCodeToText
 .text.decode_port_no
                0x00004340       0x58 ../drivers\libIotLibrary.a(lora_driver_utils.o)
                0x00004340                decode_port_no
 .text.decode_hexadecimal_string_bytes
                0x00004398       0x92 ../drivers\libIotLibrary.a(lora_driver_utils.o)
                0x00004398                decode_hexadecimal_string_bytes
 .text._serialCallBack
                0x0000442a       0xb6 ../drivers\libIotLibrary.a(mh_z19.o)
 .text.mh_z19_initialise
                0x000044e0       0x4a ../drivers\libIotLibrary.a(mh_z19.o)
                0x000044e0                mh_z19_initialise
 .text.mh_z19_injectCallBack
                0x0000452a        0xa ../drivers\libIotLibrary.a(mh_z19.o)
                0x0000452a                mh_z19_injectCallBack
 .text.mh_z19_takeMeassuring
                0x00004534       0x5e ../drivers\libIotLibrary.a(mh_z19.o)
                0x00004534                mh_z19_takeMeassuring
 .text.mh_z19_getCo2Ppm
                0x00004592       0x22 ../drivers\libIotLibrary.a(mh_z19.o)
                0x00004592                mh_z19_getCo2Ppm
 .text.serial_create
                0x000045b4      0x150 ../drivers\libIotLibrary.a(serial.o)
                0x000045b4                serial_create
 .text.serial_sendByte
                0x00004704       0x56 ../drivers\libIotLibrary.a(serial.o)
                0x00004704                serial_sendByte
 .text.serial_sendBytes
                0x0000475a       0xaa ../drivers\libIotLibrary.a(serial.o)
                0x0000475a                serial_sendBytes
 .text.serial_getByte
                0x00004804       0x40 ../drivers\libIotLibrary.a(serial.o)
                0x00004804                serial_getByte
 .text.__vector_25
                0x00004844       0xa4 ../drivers\libIotLibrary.a(serial.o)
                0x00004844                __vector_25
 .text.__vector_26
                0x000048e8       0x88 ../drivers\libIotLibrary.a(serial.o)
                0x000048e8                __vector_26
 .text.__vector_36
                0x00004970       0xa4 ../drivers\libIotLibrary.a(serial.o)
                0x00004970                __vector_36
 .text.__vector_37
                0x00004a14       0x88 ../drivers\libIotLibrary.a(serial.o)
                0x00004a14                __vector_37
 .text.__vector_51
                0x00004a9c       0xa4 ../drivers\libIotLibrary.a(serial.o)
                0x00004a9c                __vector_51
 .text.__vector_52
                0x00004b40       0x88 ../drivers\libIotLibrary.a(serial.o)
                0x00004b40                __vector_52
 .text.__vector_54
                0x00004bc8       0xa4 ../drivers\libIotLibrary.a(serial.o)
                0x00004bc8                __vector_54
 .text.__vector_55
                0x00004c6c       0x88 ../drivers\libIotLibrary.a(serial.o)
                0x00004c6c                __vector_55
 .text.usart_getchar
                0x00004cf4       0x2a ../drivers\libIotLibrary.a(stdio_driver.o)
 .text.usart_putchar
                0x00004d1e       0x12 ../drivers\libIotLibrary.a(stdio_driver.o)
 .text.stdio_initialise
                0x00004d30       0x52 ../drivers\libIotLibrary.a(stdio_driver.o)
                0x00004d30                stdio_initialise
 .text._select_instance
                0x00004d82       0x72 ../drivers\libIotLibrary.a(spi_iha.o)
 .text.spi_create
                0x00004df4      0x1a4 ../drivers\libIotLibrary.a(spi_iha.o)
                0x00004df4                spi_create
 .text.spi_sendByte
                0x00004f98       0xea ../drivers\libIotLibrary.a(spi_iha.o)
                0x00004f98                spi_sendByte
 .text.__vector_24
                0x00005082      0x136 ../drivers\libIotLibrary.a(spi_iha.o)
                0x00005082                __vector_24
 .text._turn_off
                0x000051b8       0x98 ../drivers\libIotLibrary.a(status_leds.o)
 .text._turn_on
                0x00005250       0x98 ../drivers\libIotLibrary.a(status_leds.o)
 .text._hal_led_task
                0x000052e8       0x8c ../drivers\libIotLibrary.a(status_leds.o)
 .text.status_leds_initialise
                0x00005374       0x9c ../drivers\libIotLibrary.a(status_leds.o)
                0x00005374                status_leds_initialise
 .text.status_leds_slowBlink
                0x00005410       0x46 ../drivers\libIotLibrary.a(status_leds.o)
                0x00005410                status_leds_slowBlink
 .text.status_leds_fastBlink
                0x00005456       0x46 ../drivers\libIotLibrary.a(status_leds.o)
                0x00005456                status_leds_fastBlink
 .text.status_leds_ledOn
                0x0000549c       0x1e ../drivers\libIotLibrary.a(status_leds.o)
                0x0000549c                status_leds_ledOn
 .text.status_leds_ledOff
                0x000054ba       0x1e ../drivers\libIotLibrary.a(status_leds.o)
                0x000054ba                status_leds_ledOff
 .text._initTwiInterface
                0x000054d8       0x22 ../drivers\libIotLibrary.a(twi.o)
 .text.twiCreate
                0x000054fa       0x9a ../drivers\libIotLibrary.a(twi.o)
                0x000054fa                twiCreate
 .text.twiIsBusy
                0x00005594        0x8 ../drivers\libIotLibrary.a(twi.o)
                0x00005594                twiIsBusy
 .text.twiTransmit
                0x0000559c       0x98 ../drivers\libIotLibrary.a(twi.o)
                0x0000559c                twiTransmit
 .text.twiReceive
                0x00005634       0x66 ../drivers\libIotLibrary.a(twi.o)
                0x00005634                twiReceive
 .text.__vector_39
                0x0000569a      0x17a ../drivers\libIotLibrary.a(twi.o)
                0x0000569a                __vector_39
 .text.fifo_init
                0x00005814       0x38 ../drivers\libIotLibrary.a(fifo.o)
                0x00005814                fifo_init
 .text.avr-libc.fplib
                0x0000584c        0xa c:/program files (x86)/atmel/studio/7.0/toolchain/avr8/avr8-gnu-toolchain/bin/../lib/gcc/avr/5.4.0/../../../../avr/lib/avr6\libm.a(addsf3.o)
                0x0000584c                __subsf3
                0x0000584e                __addsf3
 .text.avr-libc.fplib
                0x00005856       0xc0 c:/program files (x86)/atmel/studio/7.0/toolchain/avr8/avr8-gnu-toolchain/bin/../lib/gcc/avr/5.4.0/../../../../avr/lib/avr6\libm.a(addsf3x.o)
                0x00005870                __addsf3x
 .text.avr-libc.fplib
                0x00005916        0x4 c:/program files (x86)/atmel/studio/7.0/toolchain/avr8/avr8-gnu-toolchain/bin/../lib/gcc/avr/5.4.0/../../../../avr/lib/avr6\libm.a(divsf3.o)
                0x00005916                __divsf3
 .text.avr-libc.fplib
                0x0000591a       0xcc c:/program files (x86)/atmel/studio/7.0/toolchain/avr8/avr8-gnu-toolchain/bin/../lib/gcc/avr/5.4.0/../../../../avr/lib/avr6\libm.a(divsf3x.o)
                0x00005930                __divsf3x
                0x00005934                __divsf3_pse
 .text.avr-libc.fplib
                0x000059e6        0xa c:/program files (x86)/atmel/studio/7.0/toolchain/avr8/avr8-gnu-toolchain/bin/../lib/gcc/avr/5.4.0/../../../../avr/lib/avr6\libm.a(fixsfsi.o)
                0x000059e6                __fixsfsi
 .text.avr-libc.fplib
                0x000059f0       0x58 c:/program files (x86)/atmel/studio/7.0/toolchain/avr8/avr8-gnu-toolchain/bin/../lib/gcc/avr/5.4.0/../../../../avr/lib/avr6\libm.a(fixunssfsi.o)
                0x000059f0                __fixunssfsi
 .text.avr-libc.fplib
                0x00005a48       0x7a c:/program files (x86)/atmel/studio/7.0/toolchain/avr8/avr8-gnu-toolchain/bin/../lib/gcc/avr/5.4.0/../../../../avr/lib/avr6\libm.a(floatsisf.o)
                0x00005a48                __floatunsisf
                0x00005a4c                __floatsisf
 .text.avr-libc.fplib
                0x00005ac2        0xc c:/program files (x86)/atmel/studio/7.0/toolchain/avr8/avr8-gnu-toolchain/bin/../lib/gcc/avr/5.4.0/../../../../avr/lib/avr6\libm.a(fp_inf.o)
                0x00005ac2                __fp_inf
 .text.avr-libc.fplib
                0x00005ace        0x6 c:/program files (x86)/atmel/studio/7.0/toolchain/avr8/avr8-gnu-toolchain/bin/../lib/gcc/avr/5.4.0/../../../../avr/lib/avr6\libm.a(fp_nan.o)
                0x00005ace                __fp_nan
 .text.avr-libc.fplib
                0x00005ad4        0xe c:/program files (x86)/atmel/studio/7.0/toolchain/avr8/avr8-gnu-toolchain/bin/../lib/gcc/avr/5.4.0/../../../../avr/lib/avr6\libm.a(fp_pscA.o)
                0x00005ad4                __fp_pscA
 .text.avr-libc.fplib
                0x00005ae2        0xe c:/program files (x86)/atmel/studio/7.0/toolchain/avr8/avr8-gnu-toolchain/bin/../lib/gcc/avr/5.4.0/../../../../avr/lib/avr6\libm.a(fp_pscB.o)
                0x00005ae2                __fp_pscB
 .text.avr-libc.fplib
                0x00005af0       0x22 c:/program files (x86)/atmel/studio/7.0/toolchain/avr8/avr8-gnu-toolchain/bin/../lib/gcc/avr/5.4.0/../../../../avr/lib/avr6\libm.a(fp_round.o)
                0x00005af0                __fp_round
 .text.avr-libc.fplib
                0x00005b12       0x44 c:/program files (x86)/atmel/studio/7.0/toolchain/avr8/avr8-gnu-toolchain/bin/../lib/gcc/avr/5.4.0/../../../../avr/lib/avr6\libm.a(fp_split3.o)
                0x00005b12                __fp_split3
                0x00005b22                __fp_splitA
 .text.avr-libc.fplib
                0x00005b56        0xe c:/program files (x86)/atmel/studio/7.0/toolchain/avr8/avr8-gnu-toolchain/bin/../lib/gcc/avr/5.4.0/../../../../avr/lib/avr6\libm.a(fp_zero.o)
                0x00005b56                __fp_zero
                0x00005b58                __fp_szero
 .text.avr-libc.fplib
                0x00005b64        0x4 c:/program files (x86)/atmel/studio/7.0/toolchain/avr8/avr8-gnu-toolchain/bin/../lib/gcc/avr/5.4.0/../../../../avr/lib/avr6\libm.a(mulsf3.o)
                0x00005b64                __mulsf3
 .text.avr-libc.fplib
                0x00005b68       0xc2 c:/program files (x86)/atmel/studio/7.0/toolchain/avr8/avr8-gnu-toolchain/bin/../lib/gcc/avr/5.4.0/../../../../avr/lib/avr6\libm.a(mulsf3x.o)
                0x00005b7c                __mulsf3x
                0x00005b80                __mulsf3_pse
 .text.libgcc.div
                0x00005c2a       0x44 c:/program files (x86)/atmel/studio/7.0/toolchain/avr8/avr8-gnu-toolchain/bin/../lib/gcc/avr/5.4.0/avr6\libgcc.a(_udivmodsi4.o)
                0x00005c2a                __udivmodsi4
 .text.libgcc   0x00005c6e       0x10 c:/program files (x86)/atmel/studio/7.0/toolchain/avr8/avr8-gnu-toolchain/bin/../lib/gcc/avr/5.4.0/avr6\libgcc.a(_tablejump2.o)
                0x00005c6e                __tablejump2__
 .text.avr-libc
                0x00005c7e       0x34 c:/program files (x86)/atmel/studio/7.0/toolchain/avr8/avr8-gnu-toolchain/bin/../lib/gcc/avr/5.4.0/../../../../avr/lib/avr6\libc.a(calloc.o)
                0x00005c7e                calloc
 .text.avr-libc
                0x00005cb2      0x242 c:/program files (x86)/atmel/studio/7.0/toolchain/avr8/avr8-gnu-toolchain/bin/../lib/gcc/avr/5.4.0/../../../../avr/lib/avr6\libc.a(malloc.o)
                0x00005cb2                malloc
                0x00005de2                free
 .text.avr-libc
                0x00005ef4        0x8 c:/program files (x86)/atmel/studio/7.0/toolchain/avr8/avr8-gnu-toolchain/bin/../lib/gcc/avr/5.4.0/../../../../avr/lib/avr6\libc.a(abort.o)
                0x00005ef4                abort
 .text.avr-libc
                0x00005efc       0x12 c:/program files (x86)/atmel/studio/7.0/toolchain/avr8/avr8-gnu-toolchain/bin/../lib/gcc/avr/5.4.0/../../../../avr/lib/avr6\libc.a(memcpy.o)
                0x00005efc                memcpy
 .text.avr-libc
                0x00005f0e        0xe c:/program files (x86)/atmel/studio/7.0/toolchain/avr8/avr8-gnu-toolchain/bin/../lib/gcc/avr/5.4.0/../../../../avr/lib/avr6\libc.a(memset.o)
                0x00005f0e                memset
 .text.avr-libc
                0x00005f1c       0x4a c:/program files (x86)/atmel/studio/7.0/toolchain/avr8/avr8-gnu-toolchain/bin/../lib/gcc/avr/5.4.0/../../../../avr/lib/avr6\libc.a(strcasestr.o)
                0x00005f1c                strcasestr
 .text.avr-libc
                0x00005f66       0x16 c:/program files (x86)/atmel/studio/7.0/toolchain/avr8/avr8-gnu-toolchain/bin/../lib/gcc/avr/5.4.0/../../../../avr/lib/avr6\libc.a(strcat.o)
                0x00005f66                strcat
 .text.avr-libc
                0x00005f7c        0xe c:/program files (x86)/atmel/studio/7.0/toolchain/avr8/avr8-gnu-toolchain/bin/../lib/gcc/avr/5.4.0/../../../../avr/lib/avr6\libc.a(strcpy.o)
                0x00005f7c                strcpy
 .text.avr-libc
                0x00005f8a       0x30 c:/program files (x86)/atmel/studio/7.0/toolchain/avr8/avr8-gnu-toolchain/bin/../lib/gcc/avr/5.4.0/../../../../avr/lib/avr6\libc.a(strncasecmp.o)
                0x00005f8a                strncasecmp
 .text.avr-libc
                0x00005fba       0x26 c:/program files (x86)/atmel/studio/7.0/toolchain/avr8/avr8-gnu-toolchain/bin/../lib/gcc/avr/5.4.0/../../../../avr/lib/avr6\libc.a(printf.o)
                0x00005fba                printf
 .text.avr-libc
                0x00005fe0       0x60 c:/program files (x86)/atmel/studio/7.0/toolchain/avr8/avr8-gnu-toolchain/bin/../lib/gcc/avr/5.4.0/../../../../avr/lib/avr6\libc.a(puts.o)
                0x00005fe0                puts
 .text.avr-libc
                0x00006040       0x5c c:/program files (x86)/atmel/studio/7.0/toolchain/avr8/avr8-gnu-toolchain/bin/../lib/gcc/avr/5.4.0/../../../../avr/lib/avr6\libc.a(sprintf.o)
                0x00006040                sprintf
 .text.avr-libc
                0x0000609c      0x3fa c:/program files (x86)/atmel/studio/7.0/toolchain/avr8/avr8-gnu-toolchain/bin/../lib/gcc/avr/5.4.0/../../../../avr/lib/avr6\libc.a(vfprintf_std.o)
                0x0000609c                vfprintf
 .text.avr-libc
                0x00006496       0x16 c:/program files (x86)/atmel/studio/7.0/toolchain/avr8/avr8-gnu-toolchain/bin/../lib/gcc/avr/5.4.0/../../../../avr/lib/avr6\libc.a(strnlen_P.o)
                0x00006496                strnlen_P
 .text.avr-libc
                0x000064ac       0x16 c:/program files (x86)/atmel/studio/7.0/toolchain/avr8/avr8-gnu-toolchain/bin/../lib/gcc/avr/5.4.0/../../../../avr/lib/avr6\libc.a(strnlen.o)
                0x000064ac                strnlen
 .text.avr-libc
                0x000064c2       0x78 c:/program files (x86)/atmel/studio/7.0/toolchain/avr8/avr8-gnu-toolchain/bin/../lib/gcc/avr/5.4.0/../../../../avr/lib/avr6\libc.a(fputc.o)
                0x000064c2                fputc
 .text.avr-libc
                0x0000653a       0xbc c:/program files (x86)/atmel/studio/7.0/toolchain/avr8/avr8-gnu-toolchain/bin/../lib/gcc/avr/5.4.0/../../../../avr/lib/avr6\libc.a(ultoa_invert.o)
                0x0000653a                __ultoa_invert
                0x000065f6                . = ALIGN (0x2)
 *(.fini9)
 .fini9         0x000065f6        0x0 c:/program files (x86)/atmel/studio/7.0/toolchain/avr8/avr8-gnu-toolchain/bin/../lib/gcc/avr/5.4.0/avr6\libgcc.a(_exit.o)
                0x000065f6                _exit
                0x000065f6                exit
 *(.fini9)
 *(.fini8)
 *(.fini8)
 *(.fini7)
 *(.fini7)
 *(.fini6)
 *(.fini6)
 *(.fini5)
 *(.fini5)
 *(.fini4)
 *(.fini4)
 *(.fini3)
 *(.fini3)
 *(.fini2)
 *(.fini2)
 *(.fini1)
 *(.fini1)
 *(.fini0)
 .fini0         0x000065f6        0x4 c:/program files (x86)/atmel/studio/7.0/toolchain/avr8/avr8-gnu-toolchain/bin/../lib/gcc/avr/5.4.0/avr6\libgcc.a(_exit.o)
 *(.fini0)
                0x000065fa                _etext = .

.data           0x00800200      0x638 load address 0x000065fa
                0x00800200                PROVIDE (__data_start, .)
 *(.data)
 .data          0x00800200        0x6 c:/program files (x86)/atmel/studio/7.0/toolchain/avr8/avr8-gnu-toolchain/bin/../lib/gcc/avr/5.4.0/../../../../avr/lib/avr6\libc.a(malloc.o)
                0x00800200                __malloc_heap_end
                0x00800202                __malloc_heap_start
                0x00800204                __malloc_margin
 *(.data*)
 .data.uxTopUsedPriority
                0x00800206        0x1 FreeRTOS/src/tasks.o
                0x00800206                uxTopUsedPriority
 .data._temp    0x00800207        0x2 ../drivers\libIotLibrary.a(hih8120.o)
 .data._hum     0x00800209        0x2 ../drivers\libIotLibrary.a(hih8120.o)
 .data._com_port_2_udr
                0x0080020b        0x8 ../drivers\libIotLibrary.a(serial.o)
                0x0080020b                _com_port_2_udr
 .data.mystdout.1882
                0x00800213        0xe ../drivers\libIotLibrary.a(stdio_driver.o)
 .data._twiCurrentState
                0x00800221        0x1 ../drivers\libIotLibrary.a(twi.o)
 *(.gnu.linkonce.d*)
 *(.rodata)
 .rodata        0x00800222       0x20 ../drivers\libIotLibrary.a(lora_driver.o)
 .rodata        0x00800242       0x2d ../drivers\libIotLibrary.a(mh_z19.o)
 *(.rodata*)
 .rodata.str1.1
                0x0080026f        0x5 FreeRTOS/src/tasks.o
 .rodata.str1.1
                0x00800274        0x8 FreeRTOS/src/timers.o
 .rodata.str1.1
                0x0080027c      0x15c LoRaWANHandler.o
 .rodata.str1.1
                0x008003d8      0x184 main.o
 .rodata.str1.1
                0x0080055c      0x295 ../drivers\libIotLibrary.a(lora_driver.o)
                                0x2a5 (size before relaxing)
 .rodata._joinMode
                0x008007f1        0x4 ../drivers\libIotLibrary.a(lora_driver.o)
 .rodata._returnCode
                0x008007f5       0x33 ../drivers\libIotLibrary.a(lora_driver.o)
                0x008007f5                _returnCode
 .rodata._prescaler_mask
                0x00800828        0x7 ../drivers\libIotLibrary.a(spi_iha.o)
 .rodata.str1.1
                0x0080082f        0x8 ../drivers\libIotLibrary.a(status_leds.o)
 *(.gnu.linkonce.r*)
                0x00800838                . = ALIGN (0x2)
 *fill*         0x00800837        0x1 
                0x00800838                _edata = .
                0x00800838                PROVIDE (__data_end, .)

.bss            0x00800838     0x1029
                0x00800838                PROVIDE (__bss_start, .)
 *(.bss)
 *(.bss*)
 .bss.xBlockAllocatedBit
                0x00800838        0x2 FreeRTOS/src/heap_4.o
 .bss.xNumberOfSuccessfulFrees
                0x0080083a        0x2 FreeRTOS/src/heap_4.o
 .bss.xNumberOfSuccessfulAllocations
                0x0080083c        0x2 FreeRTOS/src/heap_4.o
 .bss.xMinimumEverFreeBytesRemaining
                0x0080083e        0x2 FreeRTOS/src/heap_4.o
 .bss.xFreeBytesRemaining
                0x00800840        0x2 FreeRTOS/src/heap_4.o
 .bss.pxEnd     0x00800842        0x2 FreeRTOS/src/heap_4.o
 .bss.xStart    0x00800844        0x4 FreeRTOS/src/heap_4.o
 .bss.ucHeap    0x00800848      0xdac FreeRTOS/src/heap_4.o
 .bss.uxSchedulerSuspended
                0x008015f4        0x1 FreeRTOS/src/tasks.o
 .bss.xIdleTaskHandle
                0x008015f5        0x2 FreeRTOS/src/tasks.o
 .bss.xNextTaskUnblockTime
                0x008015f7        0x4 FreeRTOS/src/tasks.o
 .bss.uxTaskNumber
                0x008015fb        0x1 FreeRTOS/src/tasks.o
 .bss.xNumOfOverflows
                0x008015fc        0x1 FreeRTOS/src/tasks.o
 .bss.xYieldPending
                0x008015fd        0x1 FreeRTOS/src/tasks.o
 .bss.xPendedTicks
                0x008015fe        0x4 FreeRTOS/src/tasks.o
 .bss.xSchedulerRunning
                0x00801602        0x1 FreeRTOS/src/tasks.o
 .bss.uxTopReadyPriority
                0x00801603        0x1 FreeRTOS/src/tasks.o
 .bss.xTickCount
                0x00801604        0x4 FreeRTOS/src/tasks.o
 .bss.uxCurrentNumberOfTasks
                0x00801608        0x1 FreeRTOS/src/tasks.o
 .bss.xSuspendedTaskList
                0x00801609        0xb FreeRTOS/src/tasks.o
 .bss.uxDeletedTasksWaitingCleanUp
                0x00801614        0x1 FreeRTOS/src/tasks.o
 .bss.xTasksWaitingTermination
                0x00801615        0xb FreeRTOS/src/tasks.o
 .bss.xPendingReadyList
                0x00801620        0xb FreeRTOS/src/tasks.o
 .bss.pxOverflowDelayedTaskList
                0x0080162b        0x2 FreeRTOS/src/tasks.o
 .bss.pxDelayedTaskList
                0x0080162d        0x2 FreeRTOS/src/tasks.o
 .bss.xDelayedTaskList2
                0x0080162f        0xb FreeRTOS/src/tasks.o
 .bss.xDelayedTaskList1
                0x0080163a        0xb FreeRTOS/src/tasks.o
 .bss.pxReadyTasksLists
                0x00801645       0x6e FreeRTOS/src/tasks.o
 .bss.pxCurrentTCB
                0x008016b3        0x2 FreeRTOS/src/tasks.o
                0x008016b3                pxCurrentTCB
 .bss.xLastTime.2436
                0x008016b5        0x4 FreeRTOS/src/timers.o
 .bss.xTimerTaskHandle
                0x008016b9        0x2 FreeRTOS/src/timers.o
 .bss.xTimerQueue
                0x008016bb        0x2 FreeRTOS/src/timers.o
 .bss.pxOverflowTimerList
                0x008016bd        0x2 FreeRTOS/src/timers.o
 .bss.pxCurrentTimerList
                0x008016bf        0x2 FreeRTOS/src/timers.o
 .bss.xActiveTimerList2
                0x008016c1        0xb FreeRTOS/src/timers.o
 .bss.xActiveTimerList1
                0x008016cc        0xb FreeRTOS/src/timers.o
 .bss._uplink_payload
                0x008016d7       0x16 LoRaWANHandler.o
 .bss._displayDoneCallBack
                0x008016ed        0x2 ../drivers\libIotLibrary.a(display_7seg.o)
 .bss._scrollIndex
                0x008016ef        0x1 ../drivers\libIotLibrary.a(display_7seg.o)
 .bss._maxHexSegmentindex
                0x008016f0        0x1 ../drivers\libIotLibrary.a(display_7seg.o)
 .bss._intCounter
                0x008016f1        0x2 ../drivers\libIotLibrary.a(display_7seg.o)
 .bss._hexSegments
                0x008016f3       0x26 ../drivers\libIotLibrary.a(display_7seg.o)
 .bss._digitSegments
                0x00801719        0x4 ../drivers\libIotLibrary.a(display_7seg.o)
 .bss._digitNo  0x0080171d        0x1 ../drivers\libIotLibrary.a(display_7seg.o)
 .bss._spi      0x0080171e        0x2 ../drivers\libIotLibrary.a(display_7seg.o)
 .bss._measuringIsReady
                0x00801720        0x1 ../drivers\libIotLibrary.a(hih8120.o)
 .bss._hih8120Handler
                0x00801721        0x2 ../drivers\libIotLibrary.a(hih8120.o)
 .bss._tmp_buf.2871
                0x00801723       0x37 ../drivers\libIotLibrary.a(lora_driver.o)
 .bss.rec_buf_inp.2878
                0x0080175a        0x1 ../drivers\libIotLibrary.a(lora_driver.o)
 .bss._downlinkMessageBuffer
                0x0080175b        0x2 ../drivers\libIotLibrary.a(lora_driver.o)
 .bss._serialReplyBufferHandle
                0x0080175d        0x2 ../drivers\libIotLibrary.a(lora_driver.o)
 .bss._rn2483_serial
                0x0080175f        0x2 ../drivers\libIotLibrary.a(lora_driver.o)
 .bss._downlinkPayload
                0x00801761       0x16 ../drivers\libIotLibrary.a(lora_driver.o)
 .bss._payLoadHexBytes
                0x00801777       0x15 ../drivers\libIotLibrary.a(lora_driver.o)
 .bss._recMessageBuf
                0x0080178c       0x2d ../drivers\libIotLibrary.a(lora_driver.o)
 .bss._sendMessage
                0x008017b9       0x2d ../drivers\libIotLibrary.a(lora_driver.o)
 .bss._replyMess
                0x008017e6       0x2d ../drivers\libIotLibrary.a(lora_driver.o)
 .bss.data.1944
                0x00801813        0x2 ../drivers\libIotLibrary.a(mh_z19.o)
 .bss.inDex.1943
                0x00801815        0x1 ../drivers\libIotLibrary.a(mh_z19.o)
 .bss.crc_sum.1945
                0x00801816        0x1 ../drivers\libIotLibrary.a(mh_z19.o)
 .bss._appCallBack
                0x00801817        0x2 ../drivers\libIotLibrary.a(mh_z19.o)
 .bss._mh_state
                0x00801819        0x1 ../drivers\libIotLibrary.a(mh_z19.o)
                0x00801819                _mh_state
 .bss._ppm      0x0080181a        0x2 ../drivers\libIotLibrary.a(mh_z19.o)
 .bss._serial   0x0080181c        0x2 ../drivers\libIotLibrary.a(mh_z19.o)
 .bss._ser_handle
                0x0080181e        0x8 ../drivers\libIotLibrary.a(serial.o)
 .bss._com_serial_instance
                0x00801826        0x2 ../drivers\libIotLibrary.a(stdio_driver.o)
 .bss._initialised
                0x00801828        0x1 ../drivers\libIotLibrary.a(spi_iha.o)
 .bss._this     0x00801829        0x2 ../drivers\libIotLibrary.a(spi_iha.o)
 .bss._spi_active
                0x0080182b        0x1 ../drivers\libIotLibrary.a(spi_iha.o)
 .bss._led_status
                0x0080182c       0x18 ../drivers\libIotLibrary.a(status_leds.o)
 .bss._index.1885
                0x00801844        0x1 ../drivers\libIotLibrary.a(twi.o)
 .bss._twiCurrentHandler
                0x00801845        0x2 ../drivers\libIotLibrary.a(twi.o)
 .bss._twiMessageLen
                0x00801847        0x1 ../drivers\libIotLibrary.a(twi.o)
 .bss._twiMessageBuffer
                0x00801848        0xa ../drivers\libIotLibrary.a(twi.o)
 .bss._twiIsInitiated
                0x00801852        0x1 ../drivers\libIotLibrary.a(twi.o)
 *(COMMON)
 COMMON         0x00801853        0x4 main.o
                0x00801853                xTask2Semaphore
                0x00801855                xTask1Semaphore
 COMMON         0x00801857        0x4 c:/program files (x86)/atmel/studio/7.0/toolchain/avr8/avr8-gnu-toolchain/bin/../lib/gcc/avr/5.4.0/../../../../avr/lib/avr6\libc.a(malloc.o)
                0x00801857                __brkval
                0x00801859                __flp
 COMMON         0x0080185b        0x6 c:/program files (x86)/atmel/studio/7.0/toolchain/avr8/avr8-gnu-toolchain/bin/../lib/gcc/avr/5.4.0/../../../../avr/lib/avr6\libc.a(iob.o)
                0x0080185b                __iob
                0x00801861                PROVIDE (__bss_end, .)
                0x000065fa                __data_load_start = LOADADDR (.data)
                0x00006c32                __data_load_end = (__data_load_start + SIZEOF (.data))

.noinit         0x00801861        0x0
                [!provide]                PROVIDE (__noinit_start, .)
 *(.noinit*)
                [!provide]                PROVIDE (__noinit_end, .)
                0x00801861                _end = .
                0x00801861                PROVIDE (__heap_start, .)

.eeprom         0x00810000        0x0
 *(.eeprom*)
                0x00810000                __eeprom_end = .

.fuse
 *(.fuse)
 *(.lfuse)
 *(.hfuse)
 *(.efuse)

.lock
 *(.lock*)

.signature
 *(.signature*)

.user_signatures
 *(.user_signatures*)

.stab
 *(.stab)

.stabstr
 *(.stabstr)

.stab.excl
 *(.stab.excl)

.stab.exclstr
 *(.stab.exclstr)

.stab.index
 *(.stab.index)

.stab.indexstr
 *(.stab.indexstr)

.comment        0x00000000       0x5c
 *(.comment)
 .comment       0x00000000       0x30 FreeRTOS/src/heap_4.o
                                 0x31 (size before relaxing)
 .comment       0x00000030       0x31 FreeRTOS/src/list.o
 .comment       0x00000030       0x31 FreeRTOS/src/port.o
 .comment       0x00000030       0x31 FreeRTOS/src/queue.o
 .comment       0x00000030       0x31 FreeRTOS/src/stream_buffer.o
 .comment       0x00000030       0x31 FreeRTOS/src/tasks.o
 .comment       0x00000030       0x31 FreeRTOS/src/timers.o
 .comment       0x00000030       0x31 FreeRTOS/src/variantHooks.o
 .comment       0x00000030       0x31 LoRaWANHandler.o
 .comment       0x00000030       0x31 main.o
 .comment       0x00000030       0x31 ../drivers\libIotLibrary.a(display_7seg.o)
 .comment       0x00000030       0x31 ../drivers\libIotLibrary.a(hih8120.o)
 .comment       0x00000030       0x31 ../drivers\libIotLibrary.a(lora_driver.o)
 .comment       0x00000030       0x31 ../drivers\libIotLibrary.a(lora_driver_utils.o)
 .comment       0x00000030       0x31 ../drivers\libIotLibrary.a(mh_z19.o)
 .comment       0x00000030       0x31 ../drivers\libIotLibrary.a(serial.o)
 .comment       0x00000030       0x31 ../drivers\libIotLibrary.a(stdio_driver.o)
 .comment       0x00000030       0x31 ../drivers\libIotLibrary.a(spi_iha.o)
 .comment       0x00000030       0x31 ../drivers\libIotLibrary.a(status_leds.o)
 .comment       0x00000030       0x31 ../drivers\libIotLibrary.a(twi.o)
 .comment       0x00000030       0x31 ../drivers\libIotLibrary.a(fifo.o)
 .comment       0x00000030       0x31 c:/program files (x86)/atmel/studio/7.0/toolchain/avr8/avr8-gnu-toolchain/bin/../lib/gcc/avr/5.4.0/../../../../avr/lib/avr6\libc.a(calloc.o)
 .comment       0x00000030       0x31 c:/program files (x86)/atmel/studio/7.0/toolchain/avr8/avr8-gnu-toolchain/bin/../lib/gcc/avr/5.4.0/../../../../avr/lib/avr6\libc.a(malloc.o)
 .comment       0x00000030       0x31 c:/program files (x86)/atmel/studio/7.0/toolchain/avr8/avr8-gnu-toolchain/bin/../lib/gcc/avr/5.4.0/../../../../avr/lib/avr6\libc.a(iob.o)
 .comment       0x00000030       0x31 c:/program files (x86)/atmel/studio/7.0/toolchain/avr8/avr8-gnu-toolchain/bin/../lib/gcc/avr/5.4.0/../../../../avr/lib/avr6\libc.a(printf.o)
 .comment       0x00000030       0x31 c:/program files (x86)/atmel/studio/7.0/toolchain/avr8/avr8-gnu-toolchain/bin/../lib/gcc/avr/5.4.0/../../../../avr/lib/avr6\libc.a(puts.o)
 .comment       0x00000030       0x31 c:/program files (x86)/atmel/studio/7.0/toolchain/avr8/avr8-gnu-toolchain/bin/../lib/gcc/avr/5.4.0/../../../../avr/lib/avr6\libc.a(sprintf.o)
 .comment       0x00000030       0x2c c:/program files (x86)/atmel/studio/7.0/toolchain/avr8/avr8-gnu-toolchain/bin/../lib/gcc/avr/5.4.0/../../../../avr/lib/avr6\libc.a(vfprintf_std.o)
                                 0x2d (size before relaxing)
 .comment       0x0000005c       0x31 c:/program files (x86)/atmel/studio/7.0/toolchain/avr8/avr8-gnu-toolchain/bin/../lib/gcc/avr/5.4.0/../../../../avr/lib/avr6\libc.a(fputc.o)

.note.gnu.avr.deviceinfo
                0x00000000       0x40
 .note.gnu.avr.deviceinfo
                0x00000000       0x40 C:/Program Files (x86)/Atmel/Studio/7.0/Packs/atmel/ATmega_DFP/1.6.364/gcc/dev/atmega2560/avr6/crtatmega2560.o

.note.gnu.build-id
 *(.note.gnu.build-id)

.debug
 *(.debug)

.line
 *(.line)

.debug_srcinfo
 *(.debug_srcinfo)

.debug_sfnames
 *(.debug_sfnames)

.debug_aranges  0x00000000      0xa60
 *(.debug_aranges)
 .debug_aranges
                0x00000000       0x58 FreeRTOS/src/heap_4.o
 .debug_aranges
                0x00000058       0x40 FreeRTOS/src/list.o
 .debug_aranges
                0x00000098       0x58 FreeRTOS/src/port.o
 .debug_aranges
                0x000000f0       0xf8 FreeRTOS/src/queue.o
 .debug_aranges
                0x000001e8       0xc0 FreeRTOS/src/stream_buffer.o
 .debug_aranges
                0x000002a8      0x1d0 FreeRTOS/src/tasks.o
 .debug_aranges
                0x00000478       0xc8 FreeRTOS/src/timers.o
 .debug_aranges
                0x00000540       0x40 FreeRTOS/src/variantHooks.o
 .debug_aranges
                0x00000580       0x38 LoRaWANHandler.o
 .debug_aranges
                0x000005b8       0x50 main.o
 .debug_aranges
                0x00000608       0x58 ../drivers\libIotLibrary.a(display_7seg.o)
 .debug_aranges
                0x00000660       0x68 ../drivers\libIotLibrary.a(hih8120.o)
 .debug_aranges
                0x000006c8      0x138 ../drivers\libIotLibrary.a(lora_driver.o)
 .debug_aranges
                0x00000800       0x28 ../drivers\libIotLibrary.a(lora_driver_utils.o)
 .debug_aranges
                0x00000828       0x58 ../drivers\libIotLibrary.a(mh_z19.o)
 .debug_aranges
                0x00000880       0x90 ../drivers\libIotLibrary.a(serial.o)
 .debug_aranges
                0x00000910       0x38 ../drivers\libIotLibrary.a(stdio_driver.o)
 .debug_aranges
                0x00000948       0x40 ../drivers\libIotLibrary.a(spi_iha.o)
 .debug_aranges
                0x00000988       0x68 ../drivers\libIotLibrary.a(status_leds.o)
 .debug_aranges
                0x000009f0       0x50 ../drivers\libIotLibrary.a(twi.o)
 .debug_aranges
                0x00000a40       0x20 ../drivers\libIotLibrary.a(fifo.o)

.debug_pubnames
 *(.debug_pubnames)

.debug_info     0x00000000     0xd98a
 *(.debug_info .gnu.linkonce.wi.*)
 .debug_info    0x00000000      0xbbc C:/Program Files (x86)/Atmel/Studio/7.0/Packs/atmel/ATmega_DFP/1.6.364/gcc/dev/atmega2560/avr6/crtatmega2560.o
 .debug_info    0x00000bbc      0x4e6 FreeRTOS/src/heap_4.o
 .debug_info    0x000010a2      0x2e7 FreeRTOS/src/list.o
 .debug_info    0x00001389      0x2ff FreeRTOS/src/port.o
 .debug_info    0x00001688     0x17e6 FreeRTOS/src/queue.o
 .debug_info    0x00002e6e     0x13df FreeRTOS/src/stream_buffer.o
 .debug_info    0x0000424d     0x2239 FreeRTOS/src/tasks.o
 .debug_info    0x00006486     0x10dd FreeRTOS/src/timers.o
 .debug_info    0x00007563      0x20f FreeRTOS/src/variantHooks.o
 .debug_info    0x00007772      0x720 LoRaWANHandler.o
 .debug_info    0x00007e92      0xb32 main.o
 .debug_info    0x000089c4      0x5b8 ../drivers\libIotLibrary.a(display_7seg.o)
 .debug_info    0x00008f7c      0x3a9 ../drivers\libIotLibrary.a(hih8120.o)
 .debug_info    0x00009325     0x1747 ../drivers\libIotLibrary.a(lora_driver.o)
 .debug_info    0x0000aa6c      0x143 ../drivers\libIotLibrary.a(lora_driver_utils.o)
 .debug_info    0x0000abaf      0x556 ../drivers\libIotLibrary.a(mh_z19.o)
 .debug_info    0x0000b105      0xd9c ../drivers\libIotLibrary.a(serial.o)
 .debug_info    0x0000bea1      0x3b6 ../drivers\libIotLibrary.a(stdio_driver.o)
 .debug_info    0x0000c257      0xaf1 ../drivers\libIotLibrary.a(spi_iha.o)
 .debug_info    0x0000cd48      0x522 ../drivers\libIotLibrary.a(status_leds.o)
 .debug_info    0x0000d26a      0x55d ../drivers\libIotLibrary.a(twi.o)
 .debug_info    0x0000d7c7      0x1c3 ../drivers\libIotLibrary.a(fifo.o)

.debug_abbrev   0x00000000     0x34c0
 *(.debug_abbrev)
 .debug_abbrev  0x00000000      0xb1a C:/Program Files (x86)/Atmel/Studio/7.0/Packs/atmel/ATmega_DFP/1.6.364/gcc/dev/atmega2560/avr6/crtatmega2560.o
 .debug_abbrev  0x00000b1a      0x200 FreeRTOS/src/heap_4.o
 .debug_abbrev  0x00000d1a       0xff FreeRTOS/src/list.o
 .debug_abbrev  0x00000e19      0x179 FreeRTOS/src/port.o
 .debug_abbrev  0x00000f92      0x241 FreeRTOS/src/queue.o
 .debug_abbrev  0x000011d3      0x246 FreeRTOS/src/stream_buffer.o
 .debug_abbrev  0x00001419      0x2c8 FreeRTOS/src/tasks.o
 .debug_abbrev  0x000016e1      0x28c FreeRTOS/src/timers.o
 .debug_abbrev  0x0000196d       0xff FreeRTOS/src/variantHooks.o
 .debug_abbrev  0x00001a6c      0x1a4 LoRaWANHandler.o
 .debug_abbrev  0x00001c10      0x204 main.o
 .debug_abbrev  0x00001e14      0x21f ../drivers\libIotLibrary.a(display_7seg.o)
 .debug_abbrev  0x00002033      0x184 ../drivers\libIotLibrary.a(hih8120.o)
 .debug_abbrev  0x000021b7      0x33b ../drivers\libIotLibrary.a(lora_driver.o)
 .debug_abbrev  0x000024f2       0xc0 ../drivers\libIotLibrary.a(lora_driver_utils.o)
 .debug_abbrev  0x000025b2      0x238 ../drivers\libIotLibrary.a(mh_z19.o)
 .debug_abbrev  0x000027ea      0x355 ../drivers\libIotLibrary.a(serial.o)
 .debug_abbrev  0x00002b3f      0x1b3 ../drivers\libIotLibrary.a(stdio_driver.o)
 .debug_abbrev  0x00002cf2      0x2f8 ../drivers\libIotLibrary.a(spi_iha.o)
 .debug_abbrev  0x00002fea      0x1d7 ../drivers\libIotLibrary.a(status_leds.o)
 .debug_abbrev  0x000031c1      0x217 ../drivers\libIotLibrary.a(twi.o)
 .debug_abbrev  0x000033d8       0xe8 ../drivers\libIotLibrary.a(fifo.o)

.debug_line     0x00000000     0x69f8
 *(.debug_line .debug_line.* .debug_line_end)
 .debug_line    0x00000000      0x1fa C:/Program Files (x86)/Atmel/Studio/7.0/Packs/atmel/ATmega_DFP/1.6.364/gcc/dev/atmega2560/avr6/crtatmega2560.o
 .debug_line    0x000001fa      0x41f FreeRTOS/src/heap_4.o
 .debug_line    0x00000619      0x1db FreeRTOS/src/list.o
 .debug_line    0x000007f4      0x28a FreeRTOS/src/port.o
 .debug_line    0x00000a7e      0xbe3 FreeRTOS/src/queue.o
 .debug_line    0x00001661      0x79a FreeRTOS/src/stream_buffer.o
 .debug_line    0x00001dfb     0x15ba FreeRTOS/src/tasks.o
 .debug_line    0x000033b5      0x624 FreeRTOS/src/timers.o
 .debug_line    0x000039d9      0x1af FreeRTOS/src/variantHooks.o
 .debug_line    0x00003b88      0x256 LoRaWANHandler.o
 .debug_line    0x00003dde      0x384 main.o
 .debug_line    0x00004162      0x3e1 ../drivers\libIotLibrary.a(display_7seg.o)
 .debug_line    0x00004543      0x24a ../drivers\libIotLibrary.a(hih8120.o)
 .debug_line    0x0000478d      0x9aa ../drivers\libIotLibrary.a(lora_driver.o)
 .debug_line    0x00005137      0x195 ../drivers\libIotLibrary.a(lora_driver_utils.o)
 .debug_line    0x000052cc      0x2fc ../drivers\libIotLibrary.a(mh_z19.o)
 .debug_line    0x000055c8      0x6a1 ../drivers\libIotLibrary.a(serial.o)
 .debug_line    0x00005c69      0x146 ../drivers\libIotLibrary.a(stdio_driver.o)
 .debug_line    0x00005daf      0x4e6 ../drivers\libIotLibrary.a(spi_iha.o)
 .debug_line    0x00006295      0x32c ../drivers\libIotLibrary.a(status_leds.o)
 .debug_line    0x000065c1      0x31c ../drivers\libIotLibrary.a(twi.o)
 .debug_line    0x000068dd      0x11b ../drivers\libIotLibrary.a(fifo.o)

.debug_frame    0x00000000     0x2618
 *(.debug_frame)
 .debug_frame   0x00000000       0xfc FreeRTOS/src/heap_4.o
 .debug_frame   0x000000fc       0x90 FreeRTOS/src/list.o
 .debug_frame   0x0000018c       0x94 FreeRTOS/src/port.o
 .debug_frame   0x00000220      0x3a4 FreeRTOS/src/queue.o
 .debug_frame   0x000005c4      0x40c FreeRTOS/src/stream_buffer.o
 .debug_frame   0x000009d0      0x7a0 FreeRTOS/src/tasks.o
 .debug_frame   0x00001170      0x3ac FreeRTOS/src/timers.o
 .debug_frame   0x0000151c       0x64 FreeRTOS/src/variantHooks.o
 .debug_frame   0x00001580       0x90 LoRaWANHandler.o
 .debug_frame   0x00001610       0xcc main.o
 .debug_frame   0x000016dc      0x14c ../drivers\libIotLibrary.a(display_7seg.o)
 .debug_frame   0x00001828       0xc0 ../drivers\libIotLibrary.a(hih8120.o)
 .debug_frame   0x000018e8      0x460 ../drivers\libIotLibrary.a(lora_driver.o)
 .debug_frame   0x00001d48       0x48 ../drivers\libIotLibrary.a(lora_driver_utils.o)
 .debug_frame   0x00001d90      0x100 ../drivers\libIotLibrary.a(mh_z19.o)
 .debug_frame   0x00001e90      0x384 ../drivers\libIotLibrary.a(serial.o)
 .debug_frame   0x00002214       0x94 ../drivers\libIotLibrary.a(stdio_driver.o)
 .debug_frame   0x000022a8      0x134 ../drivers\libIotLibrary.a(spi_iha.o)
 .debug_frame   0x000023dc       0xec ../drivers\libIotLibrary.a(status_leds.o)
 .debug_frame   0x000024c8      0x12c ../drivers\libIotLibrary.a(twi.o)
 .debug_frame   0x000025f4       0x24 ../drivers\libIotLibrary.a(fifo.o)

.debug_str      0x00000000     0x42ba
 *(.debug_str)
 .debug_str     0x00000000      0x3e6 C:/Program Files (x86)/Atmel/Studio/7.0/Packs/atmel/ATmega_DFP/1.6.364/gcc/dev/atmega2560/avr6/crtatmega2560.o
 .debug_str     0x000003e6      0x43e FreeRTOS/src/heap_4.o
                                0x482 (size before relaxing)
 .debug_str     0x00000824      0x135 FreeRTOS/src/list.o
                                0x2be (size before relaxing)
 .debug_str     0x00000959      0x16e FreeRTOS/src/port.o
                                0x2f3 (size before relaxing)
 .debug_str     0x00000ac7      0x672 FreeRTOS/src/queue.o
                                0x932 (size before relaxing)
 .debug_str     0x00001139      0x4ed FreeRTOS/src/stream_buffer.o
                                0x7bb (size before relaxing)
 .debug_str     0x00001626      0x941 FreeRTOS/src/tasks.o
                                0xf53 (size before relaxing)
 .debug_str     0x00001f67      0x414 FreeRTOS/src/timers.o
                                0x829 (size before relaxing)
 .debug_str     0x0000237b       0x81 FreeRTOS/src/variantHooks.o
                                0x26a (size before relaxing)
 .debug_str     0x000023fc      0x45a LoRaWANHandler.o
                                0x63b (size before relaxing)
 .debug_str     0x00002856      0x314 main.o
                                0x5eb (size before relaxing)
 .debug_str     0x00002b6a      0x3c5 ../drivers\libIotLibrary.a(display_7seg.o)
                                0x493 (size before relaxing)
 .debug_str     0x00002f2f      0x1da ../drivers\libIotLibrary.a(hih8120.o)
                                0x45c (size before relaxing)
 .debug_str     0x00003109      0x699 ../drivers\libIotLibrary.a(lora_driver.o)
                                0xcdb (size before relaxing)
 .debug_str     0x000037a2       0x4f ../drivers\libIotLibrary.a(lora_driver_utils.o)
                                0x206 (size before relaxing)
 .debug_str     0x000037f1      0x101 ../drivers\libIotLibrary.a(mh_z19.o)
                                0x489 (size before relaxing)
 .debug_str     0x000038f2      0x2c6 ../drivers\libIotLibrary.a(serial.o)
                                0x628 (size before relaxing)
 .debug_str     0x00003bb8       0xa6 ../drivers\libIotLibrary.a(stdio_driver.o)
                                0x37d (size before relaxing)
 .debug_str     0x00003c5e      0x229 ../drivers\libIotLibrary.a(spi_iha.o)
                                0x623 (size before relaxing)
 .debug_str     0x00003e87      0x122 ../drivers\libIotLibrary.a(status_leds.o)
                                0x381 (size before relaxing)
 .debug_str     0x00003fa9      0x2ef ../drivers\libIotLibrary.a(twi.o)
                                0x5b4 (size before relaxing)
 .debug_str     0x00004298       0x22 ../drivers\libIotLibrary.a(fifo.o)
                                0x239 (size before relaxing)

.debug_loc      0x00000000     0xc56b
 *(.debug_loc)
 .debug_loc     0x00000000      0x4be FreeRTOS/src/heap_4.o
 .debug_loc     0x000004be      0x17d FreeRTOS/src/list.o
 .debug_loc     0x0000063b       0xf6 FreeRTOS/src/port.o
 .debug_loc     0x00000731     0x1abd FreeRTOS/src/queue.o
 .debug_loc     0x000021ee     0x1daf FreeRTOS/src/stream_buffer.o
 .debug_loc     0x00003f9d     0x2a07 FreeRTOS/src/tasks.o
 .debug_loc     0x000069a4     0x10f3 FreeRTOS/src/timers.o
 .debug_loc     0x00007a97       0xdc FreeRTOS/src/variantHooks.o
 .debug_loc     0x00007b73      0x211 LoRaWANHandler.o
 .debug_loc     0x00007d84      0x271 main.o
 .debug_loc     0x00007ff5      0x76a ../drivers\libIotLibrary.a(display_7seg.o)
 .debug_loc     0x0000875f       0x9f ../drivers\libIotLibrary.a(hih8120.o)
 .debug_loc     0x000087fe     0x1216 ../drivers\libIotLibrary.a(lora_driver.o)
 .debug_loc     0x00009a14      0x1d2 ../drivers\libIotLibrary.a(lora_driver_utils.o)
 .debug_loc     0x00009be6      0x37c ../drivers\libIotLibrary.a(mh_z19.o)
 .debug_loc     0x00009f62     0x114c ../drivers\libIotLibrary.a(serial.o)
 .debug_loc     0x0000b0ae      0x18c ../drivers\libIotLibrary.a(stdio_driver.o)
 .debug_loc     0x0000b23a      0x9cc ../drivers\libIotLibrary.a(spi_iha.o)
 .debug_loc     0x0000bc06      0x292 ../drivers\libIotLibrary.a(status_leds.o)
 .debug_loc     0x0000be98      0x575 ../drivers\libIotLibrary.a(twi.o)
 .debug_loc     0x0000c40d      0x15e ../drivers\libIotLibrary.a(fifo.o)

.debug_macinfo
 *(.debug_macinfo)

.debug_weaknames
 *(.debug_weaknames)

.debug_funcnames
 *(.debug_funcnames)

.debug_typenames
 *(.debug_typenames)

.debug_varnames
 *(.debug_varnames)

.debug_pubtypes
 *(.debug_pubtypes)

.debug_ranges   0x00000000      0xa20
 *(.debug_ranges)
 .debug_ranges  0x00000000       0x48 FreeRTOS/src/heap_4.o
 .debug_ranges  0x00000048       0x30 FreeRTOS/src/list.o
 .debug_ranges  0x00000078       0x48 FreeRTOS/src/port.o
 .debug_ranges  0x000000c0      0x130 FreeRTOS/src/queue.o
 .debug_ranges  0x000001f0       0xb0 FreeRTOS/src/stream_buffer.o
 .debug_ranges  0x000002a0      0x200 FreeRTOS/src/tasks.o
 .debug_ranges  0x000004a0       0xb8 FreeRTOS/src/timers.o
 .debug_ranges  0x00000558       0x30 FreeRTOS/src/variantHooks.o
 .debug_ranges  0x00000588       0x28 LoRaWANHandler.o
 .debug_ranges  0x000005b0       0x40 main.o
 .debug_ranges  0x000005f0       0x48 ../drivers\libIotLibrary.a(display_7seg.o)
 .debug_ranges  0x00000638       0x58 ../drivers\libIotLibrary.a(hih8120.o)
 .debug_ranges  0x00000690      0x128 ../drivers\libIotLibrary.a(lora_driver.o)
 .debug_ranges  0x000007b8       0x30 ../drivers\libIotLibrary.a(lora_driver_utils.o)
 .debug_ranges  0x000007e8       0x48 ../drivers\libIotLibrary.a(mh_z19.o)
 .debug_ranges  0x00000830       0x98 ../drivers\libIotLibrary.a(serial.o)
 .debug_ranges  0x000008c8       0x28 ../drivers\libIotLibrary.a(stdio_driver.o)
 .debug_ranges  0x000008f0       0x88 ../drivers\libIotLibrary.a(spi_iha.o)
 .debug_ranges  0x00000978       0x58 ../drivers\libIotLibrary.a(status_leds.o)
 .debug_ranges  0x000009d0       0x40 ../drivers\libIotLibrary.a(twi.o)
 .debug_ranges  0x00000a10       0x10 ../drivers\libIotLibrary.a(fifo.o)

.debug_macro
 *(.debug_macro)
OUTPUT(SEP4-IoT.elf elf32-avr)
LOAD linker stubs
